Archive member included to satisfy reference by file (symbol)

/opt/st/stm32cubeide_1.19.0/plugins/com.st.stm32cube.ide.mcu.externaltools.gnu-tools-for-stm32.13.3.rel1.linux64_1.0.0.202410170706/tools/bin/../lib/gcc/arm-none-eabi/13.3.1/../../../../arm-none-eabi/lib/thumb/v7e-m/nofp/libc_nano.a(libc_a-exit.o)
                              /opt/st/stm32cubeide_1.19.0/plugins/com.st.stm32cube.ide.mcu.externaltools.gnu-tools-for-stm32.13.3.rel1.linux64_1.0.0.202410170706/tools/bin/../lib/gcc/arm-none-eabi/13.3.1/../../../../arm-none-eabi/lib/thumb/v7e-m/nofp/crt0.o (exit)
/opt/st/stm32cubeide_1.19.0/plugins/com.st.stm32cube.ide.mcu.externaltools.gnu-tools-for-stm32.13.3.rel1.linux64_1.0.0.202410170706/tools/bin/../lib/gcc/arm-none-eabi/13.3.1/../../../../arm-none-eabi/lib/thumb/v7e-m/nofp/libc_nano.a(libc_a-findfp.o)
                              /opt/st/stm32cubeide_1.19.0/plugins/com.st.stm32cube.ide.mcu.externaltools.gnu-tools-for-stm32.13.3.rel1.linux64_1.0.0.202410170706/tools/bin/../lib/gcc/arm-none-eabi/13.3.1/../../../../arm-none-eabi/lib/thumb/v7e-m/nofp/libc_nano.a(libc_a-exit.o) (__stdio_exit_handler)
/opt/st/stm32cubeide_1.19.0/plugins/com.st.stm32cube.ide.mcu.externaltools.gnu-tools-for-stm32.13.3.rel1.linux64_1.0.0.202410170706/tools/bin/../lib/gcc/arm-none-eabi/13.3.1/../../../../arm-none-eabi/lib/thumb/v7e-m/nofp/libc_nano.a(libc_a-fwalk.o)
                              /opt/st/stm32cubeide_1.19.0/plugins/com.st.stm32cube.ide.mcu.externaltools.gnu-tools-for-stm32.13.3.rel1.linux64_1.0.0.202410170706/tools/bin/../lib/gcc/arm-none-eabi/13.3.1/../../../../arm-none-eabi/lib/thumb/v7e-m/nofp/libc_nano.a(libc_a-findfp.o) (_fwalk_sglue)
/opt/st/stm32cubeide_1.19.0/plugins/com.st.stm32cube.ide.mcu.externaltools.gnu-tools-for-stm32.13.3.rel1.linux64_1.0.0.202410170706/tools/bin/../lib/gcc/arm-none-eabi/13.3.1/../../../../arm-none-eabi/lib/thumb/v7e-m/nofp/libc_nano.a(libc_a-printf.o)
                              ./Src/013_rtc_lcd.o (printf)
/opt/st/stm32cubeide_1.19.0/plugins/com.st.stm32cube.ide.mcu.externaltools.gnu-tools-for-stm32.13.3.rel1.linux64_1.0.0.202410170706/tools/bin/../lib/gcc/arm-none-eabi/13.3.1/../../../../arm-none-eabi/lib/thumb/v7e-m/nofp/libc_nano.a(libc_a-puts.o)
                              ./Src/013_rtc_lcd.o (puts)
/opt/st/stm32cubeide_1.19.0/plugins/com.st.stm32cube.ide.mcu.externaltools.gnu-tools-for-stm32.13.3.rel1.linux64_1.0.0.202410170706/tools/bin/../lib/gcc/arm-none-eabi/13.3.1/../../../../arm-none-eabi/lib/thumb/v7e-m/nofp/libc_nano.a(libc_a-stdio.o)
                              /opt/st/stm32cubeide_1.19.0/plugins/com.st.stm32cube.ide.mcu.externaltools.gnu-tools-for-stm32.13.3.rel1.linux64_1.0.0.202410170706/tools/bin/../lib/gcc/arm-none-eabi/13.3.1/../../../../arm-none-eabi/lib/thumb/v7e-m/nofp/libc_nano.a(libc_a-findfp.o) (__sread)
/opt/st/stm32cubeide_1.19.0/plugins/com.st.stm32cube.ide.mcu.externaltools.gnu-tools-for-stm32.13.3.rel1.linux64_1.0.0.202410170706/tools/bin/../lib/gcc/arm-none-eabi/13.3.1/../../../../arm-none-eabi/lib/thumb/v7e-m/nofp/libc_nano.a(libc_a-wbuf.o)
                              /opt/st/stm32cubeide_1.19.0/plugins/com.st.stm32cube.ide.mcu.externaltools.gnu-tools-for-stm32.13.3.rel1.linux64_1.0.0.202410170706/tools/bin/../lib/gcc/arm-none-eabi/13.3.1/../../../../arm-none-eabi/lib/thumb/v7e-m/nofp/libc_nano.a(libc_a-puts.o) (__swbuf_r)
/opt/st/stm32cubeide_1.19.0/plugins/com.st.stm32cube.ide.mcu.externaltools.gnu-tools-for-stm32.13.3.rel1.linux64_1.0.0.202410170706/tools/bin/../lib/gcc/arm-none-eabi/13.3.1/../../../../arm-none-eabi/lib/thumb/v7e-m/nofp/libc_nano.a(libc_a-wsetup.o)
                              /opt/st/stm32cubeide_1.19.0/plugins/com.st.stm32cube.ide.mcu.externaltools.gnu-tools-for-stm32.13.3.rel1.linux64_1.0.0.202410170706/tools/bin/../lib/gcc/arm-none-eabi/13.3.1/../../../../arm-none-eabi/lib/thumb/v7e-m/nofp/libc_nano.a(libc_a-puts.o) (__swsetup_r)
/opt/st/stm32cubeide_1.19.0/plugins/com.st.stm32cube.ide.mcu.externaltools.gnu-tools-for-stm32.13.3.rel1.linux64_1.0.0.202410170706/tools/bin/../lib/gcc/arm-none-eabi/13.3.1/../../../../arm-none-eabi/lib/thumb/v7e-m/nofp/libc_nano.a(libc_a-memset.o)
                              /opt/st/stm32cubeide_1.19.0/plugins/com.st.stm32cube.ide.mcu.externaltools.gnu-tools-for-stm32.13.3.rel1.linux64_1.0.0.202410170706/tools/bin/../lib/gcc/arm-none-eabi/13.3.1/../../../../arm-none-eabi/lib/thumb/v7e-m/nofp/crt0.o (memset)
/opt/st/stm32cubeide_1.19.0/plugins/com.st.stm32cube.ide.mcu.externaltools.gnu-tools-for-stm32.13.3.rel1.linux64_1.0.0.202410170706/tools/bin/../lib/gcc/arm-none-eabi/13.3.1/../../../../arm-none-eabi/lib/thumb/v7e-m/nofp/libc_nano.a(libc_a-closer.o)
                              /opt/st/stm32cubeide_1.19.0/plugins/com.st.stm32cube.ide.mcu.externaltools.gnu-tools-for-stm32.13.3.rel1.linux64_1.0.0.202410170706/tools/bin/../lib/gcc/arm-none-eabi/13.3.1/../../../../arm-none-eabi/lib/thumb/v7e-m/nofp/libc_nano.a(libc_a-stdio.o) (_close_r)
[...]
Memory Configuration

Name             Origin             Length             Attributes
CCMRAM           0x10000000         0x00010000         xrw
RAM              0x20000000         0x00030000         xrw
FLASH            0x08000000         0x00200000         xr
*default*        0x00000000         0xffffffff

Linker script and memory map

LOAD /opt/st/stm32cubeide_1.19.0/plugins/com.st.stm32cube.ide.mcu.externaltools.gnu-tools-for-stm32.13.3.rel1.linux64_1.0.0.202410170706/tools/bin/../lib/gcc/arm-none-eabi/13.3.1/thumb/v7e-m/nofp/crti.o
LOAD /opt/st/stm32cubeide_1.19.0/plugins/com.st.stm32cube.ide.mcu.externaltools.gnu-tools-for-stm32.13.3.rel1.linux64_1.0.0.202410170706/tools/bin/../lib/gcc/arm-none-eabi/13.3.1/thumb/v7e-m/nofp/crtbegin.o
LOAD /opt/st/stm32cubeide_1.19.0/plugins/com.st.stm32cube.ide.mcu.externaltools.gnu-tools-for-stm32.13.3.rel1.linux64_1.0.0.202410170706/tools/bin/../lib/gcc/arm-none-eabi/13.3.1/../../../../arm-none-eabi/lib/thumb/v7e-m/nofp/crt0.o
LOAD ./Src/013_rtc_lcd.o
LOAD ./Src/syscalls.o
LOAD ./Src/sysmem.o
LOAD ./Startup/startup_stm32f429zitx.o
LOAD ./bsp/ds1307.o
LOAD ./bsp/lcd.o
LOAD ./drivers/Src/stm32f429xx_gpio_driver.o
LOAD ./drivers/Src/stm32f429xx_i2c_driver.o
LOAD ./drivers/Src/stm32f429xx_rcc_driver.o
LOAD ./drivers/Src/stm32f429xx_spi_driver.o
LOAD ./drivers/Src/stm32f429xx_usart_driver.o
START GROUP
LOAD /opt/st/stm32cubeide_1.19.0/plugins/com.st.stm32cube.ide.mcu.externaltools.gnu-tools-for-stm32.13.3.rel1.linux64_1.0.0.202410170706/tools/bin/../lib/gcc/arm-none-eabi/13.3.1/../../../../arm-none-eabi/lib/thumb/v7e-m/nofp/libc_nano.a
LOAD /opt/st/stm32cubeide_1.19.0/plugins/com.st.stm32cube.ide.mcu.externaltools.gnu-tools-for-stm32.13.3.rel1.linux64_1.0.0.202410170706/tools/bin/../lib/gcc/arm-none-eabi/13.3.1/../../../../arm-none-eabi/lib/thumb/v7e-m/nofp/libm.a
END GROUP
START GROUP
LOAD /opt/st/stm32cubeide_1.19.0/plugins/com.st.stm32cube.ide.mcu.externaltools.gnu-tools-for-stm32.13.3.rel1.linux64_1.0.0.202410170706/tools/bin/../lib/gcc/arm-none-eabi/13.3.1/thumb/v7e-m/nofp/libgcc.a
LOAD /opt/st/stm32cubeide_1.19.0/plugins/com.st.stm32cube.ide.mcu.externaltools.gnu-tools-for-stm32.13.3.rel1.linux64_1.0.0.202410170706/tools/bin/../lib/gcc/arm-none-eabi/13.3.1/../../../../arm-none-eabi/lib/thumb/v7e-m/nofp/libc_nano.a
END GROUP
START GROUP
LOAD /opt/st/stm32cubeide_1.19.0/plugins/com.st.stm32cube.ide.mcu.externaltools.gnu-tools-for-stm32.13.3.rel1.linux64_1.0.0.202410170706/tools/bin/../lib/gcc/arm-none-eabi/13.3.1/thumb/v7e-m/nofp/libgcc.a
LOAD /opt/st/stm32cubeide_1.19.0/plugins/com.st.stm32cube.ide.mcu.externaltools.gnu-tools-for-stm32.13.3.rel1.linux64_1.0.0.202410170706/tools/bin/../lib/gcc/arm-none-eabi/13.3.1/../../../../arm-none-eabi/lib/thumb/v7e-m/nofp/libc_nano.a
LOAD /opt/st/stm32cubeide_1.19.0/plugins/com.st.stm32cube.ide.mcu.externaltools.gnu-tools-for-stm32.13.3.rel1.linux64_1.0.0.202410170706/tools/bin/../lib/gcc/arm-none-eabi/13.3.1/../../../../arm-none-eabi/lib/thumb/v7e-m/nofp/libnosys.a
END GROUP
START GROUP
LOAD /opt/st/stm32cubeide_1.19.0/plugins/com.st.stm32cube.ide.mcu.externaltools.gnu-tools-for-stm32.13.3.rel1.linux64_1.0.0.202410170706/tools/bin/../lib/gcc/arm-none-eabi/13.3.1/thumb/v7e-m/nofp/libgcc.a
LOAD /opt/st/stm32cubeide_1.19.0/plugins/com.st.stm32cube.ide.mcu.externaltools.gnu-tools-for-stm32.13.3.rel1.linux64_1.0.0.202410170706/tools/bin/../lib/gcc/arm-none-eabi/13.3.1/../../../../arm-none-eabi/lib/thumb/v7e-m/nofp/libc_nano.a
LOAD /opt/st/stm32cubeide_1.19.0/plugins/com.st.stm32cube.ide.mcu.externaltools.gnu-tools-for-stm32.13.3.rel1.linux64_1.0.0.202410170706/tools/bin/../lib/gcc/arm-none-eabi/13.3.1/../../../../arm-none-eabi/lib/thumb/v7e-m/nofp/libnosys.a
END GROUP
LOAD /opt/st/stm32cubeide_1.19.0/plugins/com.st.stm32cube.ide.mcu.externaltools.gnu-tools-for-stm32.13.3.rel1.linux64_1.0.0.202410170706/tools/bin/../lib/gcc/arm-none-eabi/13.3.1/thumb/v7e-m/nofp/crtend.o
LOAD /opt/st/stm32cubeide_1.19.0/plugins/com.st.stm32cube.ide.mcu.externaltools.gnu-tools-for-stm32.13.3.rel1.linux64_1.0.0.202410170706/tools/bin/../lib/gcc/arm-none-eabi/13.3.1/thumb/v7e-m/nofp/crtn.o
                0x20030000                        _estack = (ORIGIN (RAM) + LENGTH (RAM))
                0x00000200                        _Min_Heap_Size = 0x200
                0x00000400                        _Min_Stack_Size = 0x400

.isr_vector     0x08000000      0x1ac
                0x08000000                        . = ALIGN (0x4)
 *(.isr_vector)
 .isr_vector    0x08000000      0x1ac ./Startup/startup_stm32f429zitx.o
                0x08000000                g_pfnVectors
                0x080001ac                        . = ALIGN (0x4)

.text           0x080001b0     0x2780
                0x080001b0                        . = ALIGN (0x4)
 *(.text)
 .text          0x080001b0       0x40 /opt/st/stm32cubeide_1.19.0/plugins/com.st.stm32cube.ide.mcu.externaltools.gnu-tools-for-stm32.13.3.rel1.linux64_1.0.0.202410170706/tools/bin/../lib/gcc/arm-none-eabi/13.3.1/thumb/v7e-m/nofp/crtbegin.o
 .text          0x080001f0       0xa0 /opt/st/stm32cubeide_1.19.0/plugins/com.st.stm32cube.ide.mcu.externaltools.gnu-tools-for-stm32.13.3.rel1.linux64_1.0.0.202410170706/tools/bin/../lib/gcc/arm-none-eabi/13.3.1/../../../../arm-none-eabi/lib/thumb/v7e-m/nofp/libc_nano.a(libc_a-memchr.o)
                0x080001f0                memchr
 *(.text*)
 .text.get_day_of_week
                0x08000290       0x3c ./Src/013_rtc_lcd.o
                0x08000290                get_day_of_week
 .text.number_to_string
                0x080002cc       0x74 ./Src/013_rtc_lcd.o
                0x080002cc                number_to_string
 .text.time_to_string
                0x08000340       0x54 ./Src/013_rtc_lcd.o
                0x08000340                time_to_string
 .text.date_to_string
                0x08000394       0x54 ./Src/013_rtc_lcd.o
                0x08000394                date_to_string
 .text.InitSystickTimer
                0x080003e8       0x68 ./Src/013_rtc_lcd.o
                0x080003e8                InitSystickTimer
 .text.SysTick_Handler
                0x08000450       0xe8 ./Src/013_rtc_lcd.o
                0x08000450                SysTick_Handler
 .text.main     0x08000538      0x134 ./Src/013_rtc_lcd.o
                0x08000538                main
 .text.ITM_SendChar
                0x0800066c       0x4c ./Src/syscalls.o
                0x0800066c                ITM_SendChar
 .text._read    0x080006b8       0x3a ./Src/syscalls.o
                0x080006b8                _read
 .text._write   0x080006f2       0x38 ./Src/syscalls.o
                0x080006f2                _write
 .text._close   0x0800072a       0x16 ./Src/syscalls.o
                0x0800072a                _close
 .text._fstat   0x08000740       0x1e ./Src/syscalls.o
                0x08000740                _fstat
 .text._isatty  0x0800075e       0x14 ./Src/syscalls.o
                0x0800075e                _isatty
 .text._lseek   0x08000772       0x18 ./Src/syscalls.o
                0x08000772                _lseek
 *fill*         0x0800078a        0x2 
 .text._sbrk    0x0800078c       0x6c ./Src/sysmem.o
                0x0800078c                _sbrk
 .text.Reset_Handler
                0x080007f8       0x50 ./Startup/startup_stm32f429zitx.o
                0x080007f8                Reset_Handler
 .text.Default_Handler
                0x08000848        0x2 ./Startup/startup_stm32f429zitx.o
                0x08000848                RTC_Alarm_IRQHandler
                0x08000848                HASH_RNG_IRQHandler
                0x08000848                EXTI2_IRQHandler
                0x08000848                TIM8_CC_IRQHandler
                0x08000848                DebugMon_Handler
                0x08000848                UART8_IRQHandler
                0x08000848                SPI4_IRQHandler
                0x08000848                TIM1_CC_IRQHandler
                0x08000848                DMA2_Stream5_IRQHandler
                0x08000848                HardFault_Handler
                0x08000848                DMA1_Stream5_IRQHandler
                0x08000848                PVD_IRQHandler
                0x08000848                SDIO_IRQHandler
                0x08000848                TAMP_STAMP_IRQHandler
                0x08000848                PendSV_Handler
                0x08000848                NMI_Handler
                0x08000848                CAN2_RX1_IRQHandler
                0x08000848                EXTI3_IRQHandler
                0x08000848                TIM8_TRG_COM_TIM14_IRQHandler
                0x08000848                TIM1_UP_TIM10_IRQHandler
                0x08000848                TIM8_UP_TIM13_IRQHandler
                0x08000848                I2C3_ER_IRQHandler
                0x08000848                LCD_TFT_IRQHandler
                0x08000848                EXTI0_IRQHandler
                0x08000848                I2C2_EV_IRQHandler
                0x08000848                DMA1_Stream2_IRQHandler
                0x08000848                CAN1_RX0_IRQHandler
                0x08000848                FPU_IRQHandler
                0x08000848                OTG_HS_WKUP_IRQHandler
                0x08000848                UsageFault_Handler
                0x08000848                CAN2_SCE_IRQHandler
                0x08000848                DMA2_Stream2_IRQHandler
                0x08000848                SPI1_IRQHandler
                0x08000848                TIM6_DAC_IRQHandler
                0x08000848                TIM1_BRK_TIM9_IRQHandler
                0x08000848                DCMI_IRQHandler
                0x08000848                CAN2_RX0_IRQHandler
                0x08000848                DMA2_Stream3_IRQHandler
                0x08000848                USART6_IRQHandler
                0x08000848                USART3_IRQHandler
                0x08000848                CRYP_IRQHandler
                0x08000848                CAN1_RX1_IRQHandler
                0x08000848                UART5_IRQHandler
                0x08000848                DMA2_Stream0_IRQHandler
                0x08000848                TIM4_IRQHandler
                0x08000848                I2C1_EV_IRQHandler
                0x08000848                DMA1_Stream6_IRQHandler
                0x08000848                DMA1_Stream1_IRQHandler
                0x08000848                UART4_IRQHandler
                0x08000848                LCD_TFT_1_IRQHandler
                0x08000848                TIM3_IRQHandler
                0x08000848                RCC_IRQHandler
                0x08000848                TIM8_BRK_TIM12_IRQHandler
                0x08000848                Default_Handler
                0x08000848                EXTI15_10_IRQHandler
                0x08000848                ADC_IRQHandler
                0x08000848                DMA1_Stream7_IRQHandler
                0x08000848                SPI5_IRQHandler
                0x08000848                TIM7_IRQHandler
                0x08000848                CAN2_TX_IRQHandler
                0x08000848                TIM5_IRQHandler
                0x08000848                DMA2_Stream7_IRQHandler
                0x08000848                I2C3_EV_IRQHandler
                0x08000848                EXTI9_5_IRQHandler
                0x08000848                RTC_WKUP_IRQHandler
                0x08000848                ETH_WKUP_IRQHandler
                0x08000848                SPI2_IRQHandler
                0x08000848                OTG_HS_EP1_IN_IRQHandler
                0x08000848                MemManage_Handler
                0x08000848                DMA1_Stream0_IRQHandler
                0x08000848                CAN1_TX_IRQHandler
                0x08000848                SVC_Handler
                0x08000848                EXTI4_IRQHandler
                0x08000848                ETH_IRQHandler
                0x08000848                OTG_HS_EP1_OUT_IRQHandler
                0x08000848                WWDG_IRQHandler
                0x08000848                SPI6_IRQHandler
                0x08000848                TIM2_IRQHandler
                0x08000848                OTG_FS_WKUP_IRQHandler
                0x08000848                TIM1_TRG_COM_TIM11_IRQHandler
                0x08000848                OTG_HS_IRQHandler
                0x08000848                DMA2D_IRQHandler
                0x08000848                EXTI1_IRQHandler
                0x08000848                UART7_IRQHandler
                0x08000848                USART2_IRQHandler
                0x08000848                I2C2_ER_IRQHandler
                0x08000848                DMA2_Stream1_IRQHandler
                0x08000848                CAN1_SCE_IRQHandler
                0x08000848                FLASH_IRQHandler
                0x08000848                DMA2_Stream4_IRQHandler
                0x08000848                BusFault_Handler
                0x08000848                USART1_IRQHandler
                0x08000848                OTG_FS_IRQHandler
                0x08000848                SPI3_IRQHandler
                0x08000848                DMA1_Stream4_IRQHandler
                0x08000848                I2C1_ER_IRQHandler
                0x08000848                FMC_IRQHandler
                0x08000848                DMA2_Stream6_IRQHandler
                0x08000848                SAI1_IRQHandler
                0x08000848                DMA1_Stream3_IRQHandler
 *fill*         0x0800084a        0x2 
 .text.ds1307_init
                0x0800084c       0x3c ./bsp/ds1307.o
                0x0800084c                ds1307_init
 .text.ds1307_set_current_time
                0x08000888       0x92 ./bsp/ds1307.o
                0x08000888                ds1307_set_current_time
 .text.ds1307_get_current_time
                0x0800091a       0x8c ./bsp/ds1307.o
                0x0800091a                ds1307_get_current_time
 .text.ds1307_set_current_date
                0x080009a6       0x60 ./bsp/ds1307.o
                0x080009a6                ds1307_set_current_date
 .text.ds1307_get_current_date
                0x08000a06       0x68 ./bsp/ds1307.o
                0x08000a06                ds1307_get_current_date
 *fill*         0x08000a6e        0x2 
 .text.ds1307_i2c_pin_config
                0x08000a70       0x74 ./bsp/ds1307.o
 .text.ds1307_i2c_config
                0x08000ae4       0x2c ./bsp/ds1307.o
 .text.ds1307_write
                0x08000b10       0x38 ./bsp/ds1307.o
 .text.ds1307_read
                0x08000b48       0x3c ./bsp/ds1307.o
 .text.binary_to_bcd
                0x08000b84       0x58 ./bsp/ds1307.o
 .text.bcd_to_binary
                0x08000bdc       0x34 ./bsp/ds1307.o
 .text.lcd_send_command
                0x08000c10       0x44 ./bsp/lcd.o
                0x08000c10                lcd_send_command
 .text.lcd_print_char
                0x08000c54       0x44 ./bsp/lcd.o
                0x08000c54                lcd_print_char
 .text.lcd_init
                0x08000c98      0x120 ./bsp/lcd.o
                0x08000c98                lcd_init
 .text.write_4_bits
                0x08000db8       0x70 ./bsp/lcd.o
 .text.lcd_print_string
                0x08000e28       0x28 ./bsp/lcd.o
                0x08000e28                lcd_print_string
 .text.lcd_display_clear
                0x08000e50       0x14 ./bsp/lcd.o
                0x08000e50                lcd_display_clear
 .text.lcd_display_return_home
                0x08000e64       0x14 ./bsp/lcd.o
                0x08000e64                lcd_display_return_home
 .text.lcd_set_cursor
                0x08000e78       0x4e ./bsp/lcd.o
                0x08000e78                lcd_set_cursor
 *fill*         0x08000ec6        0x2 
 .text.lcd_enable
                0x08000ec8       0x2c ./bsp/lcd.o
 .text.ms_delay
                0x08000ef4       0x30 ./bsp/lcd.o
                0x08000ef4                ms_delay
 .text.us_delay
                0x08000f24       0x28 ./bsp/lcd.o
                0x08000f24                us_delay
 .text.GPIO_Init
                0x08000f4c      0x388 ./drivers/Src/stm32f429xx_gpio_driver.o
                0x08000f4c                GPIO_Init
 .text.GPIO_PeriClockControl
                0x080012d4      0x100 ./drivers/Src/stm32f429xx_gpio_driver.o
                0x080012d4                GPIO_PeriClockControl
 .text.GPIO_WriteToOutputPin
                0x080013d4       0x40 ./drivers/Src/stm32f429xx_gpio_driver.o
                0x080013d4                GPIO_WriteToOutputPin
 .text.I2C_Init
                0x08001414      0x14c ./drivers/Src/stm32f429xx_i2c_driver.o
                0x08001414                I2C_Init
 .text.I2C_PeriClockControl
                0x08001560       0xb0 ./drivers/Src/stm32f429xx_i2c_driver.o
                0x08001560                I2C_PeriClockControl
 .text.I2C_MasterSendData
                0x08001610       0xd2 ./drivers/Src/stm32f429xx_i2c_driver.o
                0x08001610                I2C_MasterSendData
 .text.I2C_MasterReceiveData
                0x080016e2      0x128 ./drivers/Src/stm32f429xx_i2c_driver.o
                0x080016e2                I2C_MasterReceiveData
 .text.I2C_PeripheralControl
                0x0800180a       0x36 ./drivers/Src/stm32f429xx_i2c_driver.o
                0x0800180a                I2C_PeripheralControl
 .text.I2C_GetFlagStatus
                0x08001840       0x26 ./drivers/Src/stm32f429xx_i2c_driver.o
                0x08001840                I2C_GetFlagStatus
 .text.I2C_GenerateStartCondition
                0x08001866       0x1e ./drivers/Src/stm32f429xx_i2c_driver.o
 .text.I2C_ExecuteAddressPhaseWrite
                0x08001884       0x2a ./drivers/Src/stm32f429xx_i2c_driver.o
 .text.I2C_ExecuteAddressPhaseRead
                0x080018ae       0x2a ./drivers/Src/stm32f429xx_i2c_driver.o
 .text.I2C_ClearADDRFlag
                0x080018d8       0x1e ./drivers/Src/stm32f429xx_i2c_driver.o
 .text.I2C_GenerateStopCondition
                0x080018f6       0x1e ./drivers/Src/stm32f429xx_i2c_driver.o
                0x080018f6                I2C_GenerateStopCondition
 .text.I2C_ManageACK
                0x08001914       0x36 ./drivers/Src/stm32f429xx_i2c_driver.o
                0x08001914                I2C_ManageACK
 *fill*         0x0800194a        0x2 
 .text.RCC_GetPCLK1Value
                0x0800194c       0xb0 ./drivers/Src/stm32f429xx_rcc_driver.o
                0x0800194c                RCC_GetPCLK1Value
 .text.RCC_GetPLLOutputClock
                0x080019fc        0xe ./drivers/Src/stm32f429xx_rcc_driver.o
                0x080019fc                RCC_GetPLLOutputClock
 *fill*         0x08001a0a        0x2 
 .text.std      0x08001a0c       0x6c /opt/st/stm32cubeide_1.19.0/plugins/com.st.stm32cube.ide.mcu.externaltools.gnu-tools-for-stm32.13.3.rel1.linux64_1.0.0.202410170706/tools/bin/../lib/gcc/arm-none-eabi/13.3.1/../../../../arm-none-eabi/lib/thumb/v7e-m/nofp/libc_nano.a(libc_a-findfp.o)
 .text.stdio_exit_handler
                0x08001a78       0x18 /opt/st/stm32cubeide_1.19.0/plugins/com.st.stm32cube.ide.mcu.externaltools.gnu-tools-for-stm32.13.3.rel1.linux64_1.0.0.202410170706/tools/bin/../lib/gcc/arm-none-eabi/13.3.1/../../../../arm-none-eabi/lib/thumb/v7e-m/nofp/libc_nano.a(libc_a-findfp.o)
 .text.cleanup_stdio
                0x08001a90       0x40 /opt/st/stm32cubeide_1.19.0/plugins/com.st.stm32cube.ide.mcu.externaltools.gnu-tools-for-stm32.13.3.rel1.linux64_1.0.0.202410170706/tools/bin/../lib/gcc/arm-none-eabi/13.3.1/../../../../arm-none-eabi/lib/thumb/v7e-m/nofp/libc_nano.a(libc_a-findfp.o)
 .text.global_stdio_init.part.0
                0x08001ad0       0x3c /opt/st/stm32cubeide_1.19.0/plugins/com.st.stm32cube.ide.mcu.externaltools.gnu-tools-for-stm32.13.3.rel1.linux64_1.0.0.202410170706/tools/bin/../lib/gcc/arm-none-eabi/13.3.1/../../../../arm-none-eabi/lib/thumb/v7e-m/nofp/libc_nano.a(libc_a-findfp.o)
 .text.__sfp_lock_acquire
                0x08001b0c        0xc /opt/st/stm32cubeide_1.19.0/plugins/com.st.stm32cube.ide.mcu.externaltools.gnu-tools-for-stm32.13.3.rel1.linux64_1.0.0.202410170706/tools/bin/../lib/gcc/arm-none-eabi/13.3.1/../../../../arm-none-eabi/lib/thumb/v7e-m/nofp/libc_nano.a(libc_a-findfp.o)
                0x08001b0c                __sfp_lock_acquire
 .text.__sfp_lock_release
                0x08001b18        0xc /opt/st/stm32cubeide_1.19.0/plugins/com.st.stm32cube.ide.mcu.externaltools.gnu-tools-for-stm32.13.3.rel1.linux64_1.0.0.202410170706/tools/bin/../lib/gcc/arm-none-eabi/13.3.1/../../../../arm-none-eabi/lib/thumb/v7e-m/nofp/libc_nano.a(libc_a-findfp.o)
                0x08001b18                __sfp_lock_release
 .text.__sinit  0x08001b24       0x30 /opt/st/stm32cubeide_1.19.0/plugins/com.st.stm32cube.ide.mcu.externaltools.gnu-tools-for-stm32.13.3.rel1.linux64_1.0.0.202410170706/tools/bin/../lib/gcc/arm-none-eabi/13.3.1/../../../../arm-none-eabi/lib/thumb/v7e-m/nofp/libc_nano.a(libc_a-findfp.o)
                0x08001b24                __sinit
 .text._fwalk_sglue
                0x08001b54       0x3c /opt/st/stm32cubeide_1.19.0/plugins/com.st.stm32cube.ide.mcu.externaltools.gnu-tools-for-stm32.13.3.rel1.linux64_1.0.0.202410170706/tools/bin/../lib/gcc/arm-none-eabi/13.3.1/../../../../arm-none-eabi/lib/thumb/v7e-m/nofp/libc_nano.a(libc_a-fwalk.o)
                0x08001b54                _fwalk_sglue
 .text.printf   0x08001b90       0x24 /opt/st/stm32cubeide_1.19.0/plugins/com.st.stm32cube.ide.mcu.externaltools.gnu-tools-for-stm32.13.3.rel1.linux64_1.0.0.202410170706/tools/bin/../lib/gcc/arm-none-eabi/13.3.1/../../../../arm-none-eabi/lib/thumb/v7e-m/nofp/libc_nano.a(libc_a-printf.o)
                0x08001b90                printf
                0x08001b90                iprintf
 .text._puts_r  0x08001bb4       0xaa /opt/st/stm32cubeide_1.19.0/plugins/com.st.stm32cube.ide.mcu.externaltools.gnu-tools-for-stm32.13.3.rel1.linux64_1.0.0.202410170706/tools/bin/../lib/gcc/arm-none-eabi/13.3.1/../../../../arm-none-eabi/lib/thumb/v7e-m/nofp/libc_nano.a(libc_a-puts.o)
                0x08001bb4                _puts_r
 *fill*         0x08001c5e        0x2 
 .text.puts     0x08001c60       0x10 /opt/st/stm32cubeide_1.19.0/plugins/com.st.stm32cube.ide.mcu.externaltools.gnu-tools-for-stm32.13.3.rel1.linux64_1.0.0.202410170706/tools/bin/../lib/gcc/arm-none-eabi/13.3.1/../../../../arm-none-eabi/lib/thumb/v7e-m/nofp/libc_nano.a(libc_a-puts.o)
                0x08001c60                puts
 .text.__sread  0x08001c70       0x22 /opt/st/stm32cubeide_1.19.0/plugins/com.st.stm32cube.ide.mcu.externaltools.gnu-tools-for-stm32.13.3.rel1.linux64_1.0.0.202410170706/tools/bin/../lib/gcc/arm-none-eabi/13.3.1/../../../../arm-none-eabi/lib/thumb/v7e-m/nofp/libc_nano.a(libc_a-stdio.o)
                0x08001c70                __sread
 .text.__swrite
                0x08001c92       0x38 /opt/st/stm32cubeide_1.19.0/plugins/com.st.stm32cube.ide.mcu.externaltools.gnu-tools-for-stm32.13.3.rel1.linux64_1.0.0.202410170706/tools/bin/../lib/gcc/arm-none-eabi/13.3.1/../../../../arm-none-eabi/lib/thumb/v7e-m/nofp/libc_nano.a(libc_a-stdio.o)
                0x08001c92                __swrite
 .text.__sseek  0x08001cca       0x24 /opt/st/stm32cubeide_1.19.0/plugins/com.st.stm32cube.ide.mcu.externaltools.gnu-tools-for-stm32.13.3.rel1.linux64_1.0.0.202410170706/tools/bin/../lib/gcc/arm-none-eabi/13.3.1/../../../../arm-none-eabi/lib/thumb/v7e-m/nofp/libc_nano.a(libc_a-stdio.o)
                0x08001cca                __sseek
 .text.__sclose
                0x08001cee        0x8 /opt/st/stm32cubeide_1.19.0/plugins/com.st.stm32cube.ide.mcu.externaltools.gnu-tools-for-stm32.13.3.rel1.linux64_1.0.0.202410170706/tools/bin/../lib/gcc/arm-none-eabi/13.3.1/../../../../arm-none-eabi/lib/thumb/v7e-m/nofp/libc_nano.a(libc_a-stdio.o)
                0x08001cee                __sclose
 .text.__swbuf_r
                0x08001cf6       0x7c /opt/st/stm32cubeide_1.19.0/plugins/com.st.stm32cube.ide.mcu.externaltools.gnu-tools-for-stm32.13.3.rel1.linux64_1.0.0.202410170706/tools/bin/../lib/gcc/arm-none-eabi/13.3.1/../../../../arm-none-eabi/lib/thumb/v7e-m/nofp/libc_nano.a(libc_a-wbuf.o)
                0x08001cf6                __swbuf_r
 *fill*         0x08001d72        0x2 
 .text.__swsetup_r
                0x08001d74       0xac /opt/st/stm32cubeide_1.19.0/plugins/com.st.stm32cube.ide.mcu.externaltools.gnu-tools-for-stm32.13.3.rel1.linux64_1.0.0.202410170706/tools/bin/../lib/gcc/arm-none-eabi/13.3.1/../../../../arm-none-eabi/lib/thumb/v7e-m/nofp/libc_nano.a(libc_a-wsetup.o)
                0x08001d74                __swsetup_r
 .text.memset   0x08001e20       0x10 /opt/st/stm32cubeide_1.19.0/plugins/com.st.stm32cube.ide.mcu.externaltools.gnu-tools-for-stm32.13.3.rel1.linux64_1.0.0.202410170706/tools/bin/../lib/gcc/arm-none-eabi/13.3.1/../../../../arm-none-eabi/lib/thumb/v7e-m/nofp/libc_nano.a(libc_a-memset.o)
                0x08001e20                memset
 .text._close_r
                0x08001e30       0x20 /opt/st/stm32cubeide_1.19.0/plugins/com.st.stm32cube.ide.mcu.externaltools.gnu-tools-for-stm32.13.3.rel1.linux64_1.0.0.202410170706/tools/bin/../lib/gcc/arm-none-eabi/13.3.1/../../../../arm-none-eabi/lib/thumb/v7e-m/nofp/libc_nano.a(libc_a-closer.o)
                0x08001e30                _close_r
 .text._lseek_r
                0x08001e50       0x24 /opt/st/stm32cubeide_1.19.0/plugins/com.st.stm32cube.ide.mcu.externaltools.gnu-tools-for-stm32.13.3.rel1.linux64_1.0.0.202410170706/tools/bin/../lib/gcc/arm-none-eabi/13.3.1/../../../../arm-none-eabi/lib/thumb/v7e-m/nofp/libc_nano.a(libc_a-lseekr.o)
                0x08001e50                _lseek_r
 .text._read_r  0x08001e74       0x24 /opt/st/stm32cubeide_1.19.0/plugins/com.st.stm32cube.ide.mcu.externaltools.gnu-tools-for-stm32.13.3.rel1.linux64_1.0.0.202410170706/tools/bin/../lib/gcc/arm-none-eabi/13.3.1/../../../../arm-none-eabi/lib/thumb/v7e-m/nofp/libc_nano.a(libc_a-readr.o)
                0x08001e74                _read_r
 .text._write_r
                0x08001e98       0x24 /opt/st/stm32cubeide_1.19.0/plugins/com.st.stm32cube.ide.mcu.externaltools.gnu-tools-for-stm32.13.3.rel1.linux64_1.0.0.202410170706/tools/bin/../lib/gcc/arm-none-eabi/13.3.1/../../../../arm-none-eabi/lib/thumb/v7e-m/nofp/libc_nano.a(libc_a-writer.o)
                0x08001e98                _write_r
 .text.__errno  0x08001ebc        0xc /opt/st/stm32cubeide_1.19.0/plugins/com.st.stm32cube.ide.mcu.externaltools.gnu-tools-for-stm32.13.3.rel1.linux64_1.0.0.202410170706/tools/bin/../lib/gcc/arm-none-eabi/13.3.1/../../../../arm-none-eabi/lib/thumb/v7e-m/nofp/libc_nano.a(libc_a-errno.o)
                0x08001ebc                __errno
 .text.__libc_init_array
                0x08001ec8       0x48 /opt/st/stm32cubeide_1.19.0/plugins/com.st.stm32cube.ide.mcu.externaltools.gnu-tools-for-stm32.13.3.rel1.linux64_1.0.0.202410170706/tools/bin/../lib/gcc/arm-none-eabi/13.3.1/../../../../arm-none-eabi/lib/thumb/v7e-m/nofp/libc_nano.a(libc_a-init.o)
                0x08001ec8                __libc_init_array
 .text.__retarget_lock_init_recursive
                0x08001f10        0x2 /opt/st/stm32cubeide_1.19.0/plugins/com.st.stm32cube.ide.mcu.externaltools.gnu-tools-for-stm32.13.3.rel1.linux64_1.0.0.202410170706/tools/bin/../lib/gcc/arm-none-eabi/13.3.1/../../../../arm-none-eabi/lib/thumb/v7e-m/nofp/libc_nano.a(libc_a-lock.o)
                0x08001f10                __retarget_lock_init_recursive
 .text.__retarget_lock_acquire_recursive
                0x08001f12        0x2 /opt/st/stm32cubeide_1.19.0/plugins/com.st.stm32cube.ide.mcu.externaltools.gnu-tools-for-stm32.13.3.rel1.linux64_1.0.0.202410170706/tools/bin/../lib/gcc/arm-none-eabi/13.3.1/../../../../arm-none-eabi/lib/thumb/v7e-m/nofp/libc_nano.a(libc_a-lock.o)
                0x08001f12                __retarget_lock_acquire_recursive
 .text.__retarget_lock_release_recursive
                0x08001f14        0x2 /opt/st/stm32cubeide_1.19.0/plugins/com.st.stm32cube.ide.mcu.externaltools.gnu-tools-for-stm32.13.3.rel1.linux64_1.0.0.202410170706/tools/bin/../lib/gcc/arm-none-eabi/13.3.1/../../../../arm-none-eabi/lib/thumb/v7e-m/nofp/libc_nano.a(libc_a-lock.o)
                0x08001f14                __retarget_lock_release_recursive
 *fill*         0x08001f16        0x2 
 .text._free_r  0x08001f18       0x94 /opt/st/stm32cubeide_1.19.0/plugins/com.st.stm32cube.ide.mcu.externaltools.gnu-tools-for-stm32.13.3.rel1.linux64_1.0.0.202410170706/tools/bin/../lib/gcc/arm-none-eabi/13.3.1/../../../../arm-none-eabi/lib/thumb/v7e-m/nofp/libc_nano.a(libc_a-freer.o)
                0x08001f18                _free_r
 .text.sbrk_aligned
                0x08001fac       0x44 /opt/st/stm32cubeide_1.19.0/plugins/com.st.stm32cube.ide.mcu.externaltools.gnu-tools-for-stm32.13.3.rel1.linux64_1.0.0.202410170706/tools/bin/../lib/gcc/arm-none-eabi/13.3.1/../../../../arm-none-eabi/lib/thumb/v7e-m/nofp/libc_nano.a(libc_a-mallocr.o)
 .text._malloc_r
                0x08001ff0      0x100 /opt/st/stm32cubeide_1.19.0/plugins/com.st.stm32cube.ide.mcu.externaltools.gnu-tools-for-stm32.13.3.rel1.linux64_1.0.0.202410170706/tools/bin/../lib/gcc/arm-none-eabi/13.3.1/../../../../arm-none-eabi/lib/thumb/v7e-m/nofp/libc_nano.a(libc_a-mallocr.o)
                0x08001ff0                _malloc_r
 .text.__malloc_lock
                0x080020f0        0xc /opt/st/stm32cubeide_1.19.0/plugins/com.st.stm32cube.ide.mcu.externaltools.gnu-tools-for-stm32.13.3.rel1.linux64_1.0.0.202410170706/tools/bin/../lib/gcc/arm-none-eabi/13.3.1/../../../../arm-none-eabi/lib/thumb/v7e-m/nofp/libc_nano.a(libc_a-mlock.o)
                0x080020f0                __malloc_lock
 .text.__malloc_unlock
                0x080020fc        0xc /opt/st/stm32cubeide_1.19.0/plugins/com.st.stm32cube.ide.mcu.externaltools.gnu-tools-for-stm32.13.3.rel1.linux64_1.0.0.202410170706/tools/bin/../lib/gcc/arm-none-eabi/13.3.1/../../../../arm-none-eabi/lib/thumb/v7e-m/nofp/libc_nano.a(libc_a-mlock.o)
                0x080020fc                __malloc_unlock
 .text.__sfputc_r
                0x08002108       0x2a /opt/st/stm32cubeide_1.19.0/plugins/com.st.stm32cube.ide.mcu.externaltools.gnu-tools-for-stm32.13.3.rel1.linux64_1.0.0.202410170706/tools/bin/../lib/gcc/arm-none-eabi/13.3.1/../../../../arm-none-eabi/lib/thumb/v7e-m/nofp/libc_nano.a(libc_a-nano-vfprintf.o)
 .text.__sfputs_r
                0x08002132       0x24 /opt/st/stm32cubeide_1.19.0/plugins/com.st.stm32cube.ide.mcu.externaltools.gnu-tools-for-stm32.13.3.rel1.linux64_1.0.0.202410170706/tools/bin/../lib/gcc/arm-none-eabi/13.3.1/../../../../arm-none-eabi/lib/thumb/v7e-m/nofp/libc_nano.a(libc_a-nano-vfprintf.o)
                0x08002132                __sfputs_r
 *fill*         0x08002156        0x2 
 .text._vfprintf_r
                0x08002158      0x230 /opt/st/stm32cubeide_1.19.0/plugins/com.st.stm32cube.ide.mcu.externaltools.gnu-tools-for-stm32.13.3.rel1.linux64_1.0.0.202410170706/tools/bin/../lib/gcc/arm-none-eabi/13.3.1/../../../../arm-none-eabi/lib/thumb/v7e-m/nofp/libc_nano.a(libc_a-nano-vfprintf.o)
                0x08002158                _vfiprintf_r
                0x08002158                _vfprintf_r
 .text._printf_common
                0x08002388       0xda /opt/st/stm32cubeide_1.19.0/plugins/com.st.stm32cube.ide.mcu.externaltools.gnu-tools-for-stm32.13.3.rel1.linux64_1.0.0.202410170706/tools/bin/../lib/gcc/arm-none-eabi/13.3.1/../../../../arm-none-eabi/lib/thumb/v7e-m/nofp/libc_nano.a(libc_a-nano-vfprintf_i.o)
                0x08002388                _printf_common
 *fill*         0x08002462        0x2 
 .text._printf_i
                0x08002464      0x23c /opt/st/stm32cubeide_1.19.0/plugins/com.st.stm32cube.ide.mcu.externaltools.gnu-tools-for-stm32.13.3.rel1.linux64_1.0.0.202410170706/tools/bin/../lib/gcc/arm-none-eabi/13.3.1/../../../../arm-none-eabi/lib/thumb/v7e-m/nofp/libc_nano.a(libc_a-nano-vfprintf_i.o)
                0x08002464                _printf_i
 .text.__sflush_r
                0x080026a0      0x100 /opt/st/stm32cubeide_1.19.0/plugins/com.st.stm32cube.ide.mcu.externaltools.gnu-tools-for-stm32.13.3.rel1.linux64_1.0.0.202410170706/tools/bin/../lib/gcc/arm-none-eabi/13.3.1/../../../../arm-none-eabi/lib/thumb/v7e-m/nofp/libc_nano.a(libc_a-fflush.o)
                0x080026a0                __sflush_r
 .text._fflush_r
                0x080027a0       0x50 /opt/st/stm32cubeide_1.19.0/plugins/com.st.stm32cube.ide.mcu.externaltools.gnu-tools-for-stm32.13.3.rel1.linux64_1.0.0.202410170706/tools/bin/../lib/gcc/arm-none-eabi/13.3.1/../../../../arm-none-eabi/lib/thumb/v7e-m/nofp/libc_nano.a(libc_a-fflush.o)
                0x080027a0                _fflush_r
 .text.__swhatbuf_r
                0x080027f0       0x4c /opt/st/stm32cubeide_1.19.0/plugins/com.st.stm32cube.ide.mcu.externaltools.gnu-tools-for-stm32.13.3.rel1.linux64_1.0.0.202410170706/tools/bin/../lib/gcc/arm-none-eabi/13.3.1/../../../../arm-none-eabi/lib/thumb/v7e-m/nofp/libc_nano.a(libc_a-makebuf.o)
                0x080027f0                __swhatbuf_r
 .text.__smakebuf_r
                0x0800283c       0x78 /opt/st/stm32cubeide_1.19.0/plugins/com.st.stm32cube.ide.mcu.externaltools.gnu-tools-for-stm32.13.3.rel1.linux64_1.0.0.202410170706/tools/bin/../lib/gcc/arm-none-eabi/13.3.1/../../../../arm-none-eabi/lib/thumb/v7e-m/nofp/libc_nano.a(libc_a-makebuf.o)
                0x0800283c                __smakebuf_r
 .text._fstat_r
                0x080028b4       0x24 /opt/st/stm32cubeide_1.19.0/plugins/com.st.stm32cube.ide.mcu.externaltools.gnu-tools-for-stm32.13.3.rel1.linux64_1.0.0.202410170706/tools/bin/../lib/gcc/arm-none-eabi/13.3.1/../../../../arm-none-eabi/lib/thumb/v7e-m/nofp/libc_nano.a(libc_a-fstatr.o)
                0x080028b4                _fstat_r
 .text._isatty_r
                0x080028d8       0x20 /opt/st/stm32cubeide_1.19.0/plugins/com.st.stm32cube.ide.mcu.externaltools.gnu-tools-for-stm32.13.3.rel1.linux64_1.0.0.202410170706/tools/bin/../lib/gcc/arm-none-eabi/13.3.1/../../../../arm-none-eabi/lib/thumb/v7e-m/nofp/libc_nano.a(libc_a-isattyr.o)
                0x080028d8                _isatty_r
 .text._sbrk_r  0x080028f8       0x20 /opt/st/stm32cubeide_1.19.0/plugins/com.st.stm32cube.ide.mcu.externaltools.gnu-tools-for-stm32.13.3.rel1.linux64_1.0.0.202410170706/tools/bin/../lib/gcc/arm-none-eabi/13.3.1/../../../../arm-none-eabi/lib/thumb/v7e-m/nofp/libc_nano.a(libc_a-sbrkr.o)
                0x080028f8                _sbrk_r
 *(.glue_7)
 .glue_7        0x08002918        0x0 linker stubs
 *(.glue_7t)
 .glue_7t       0x08002918        0x0 linker stubs
 *(.eh_frame)
 .eh_frame      0x08002918        0x0 /opt/st/stm32cubeide_1.19.0/plugins/com.st.stm32cube.ide.mcu.externaltools.gnu-tools-for-stm32.13.3.rel1.linux64_1.0.0.202410170706/tools/bin/../lib/gcc/arm-none-eabi/13.3.1/thumb/v7e-m/nofp/crtbegin.o
 *(.init)
 .init          0x08002918        0x4 /opt/st/stm32cubeide_1.19.0/plugins/com.st.stm32cube.ide.mcu.externaltools.gnu-tools-for-stm32.13.3.rel1.linux64_1.0.0.202410170706/tools/bin/../lib/gcc/arm-none-eabi/13.3.1/thumb/v7e-m/nofp/crti.o
                0x08002918                _init
 .init          0x0800291c        0x8 /opt/st/stm32cubeide_1.19.0/plugins/com.st.stm32cube.ide.mcu.externaltools.gnu-tools-for-stm32.13.3.rel1.linux64_1.0.0.202410170706/tools/bin/../lib/gcc/arm-none-eabi/13.3.1/thumb/v7e-m/nofp/crtn.o
 *(.fini)
 .fini          0x08002924        0x4 /opt/st/stm32cubeide_1.19.0/plugins/com.st.stm32cube.ide.mcu.externaltools.gnu-tools-for-stm32.13.3.rel1.linux64_1.0.0.202410170706/tools/bin/../lib/gcc/arm-none-eabi/13.3.1/thumb/v7e-m/nofp/crti.o
                0x08002924                _fini
 .fini          0x08002928        0x8 /opt/st/stm32cubeide_1.19.0/plugins/com.st.stm32cube.ide.mcu.externaltools.gnu-tools-for-stm32.13.3.rel1.linux64_1.0.0.202410170706/tools/bin/../lib/gcc/arm-none-eabi/13.3.1/thumb/v7e-m/nofp/crtn.o
                0x08002930                        . = ALIGN (0x4)
                0x08002930                        _etext = .

.vfp11_veneer   0x08002930        0x0
 .vfp11_veneer  0x08002930        0x0 linker stubs

.v4_bx          0x08002930        0x0
 .v4_bx         0x08002930        0x0 linker stubs

.iplt           0x08002930        0x0
 .iplt          0x08002930        0x0 /opt/st/stm32cubeide_1.19.0/plugins/com.st.stm32cube.ide.mcu.externaltools.gnu-tools-for-stm32.13.3.rel1.linux64_1.0.0.202410170706/tools/bin/../lib/gcc/arm-none-eabi/13.3.1/thumb/v7e-m/nofp/crtbegin.o

.rodata         0x08002930      0x110
                0x08002930                        . = ALIGN (0x4)
 *(.rodata)
 .rodata        0x08002930       0xdd ./Src/013_rtc_lcd.o
 *(.rodata*)
 .rodata._vfprintf_r.str1.1
                0x08002a0d       0x33 /opt/st/stm32cubeide_1.19.0/plugins/com.st.stm32cube.ide.mcu.externaltools.gnu-tools-for-stm32.13.3.rel1.linux64_1.0.0.202410170706/tools/bin/../lib/gcc/arm-none-eabi/13.3.1/../../../../arm-none-eabi/lib/thumb/v7e-m/nofp/libc_nano.a(libc_a-nano-vfprintf.o)
                                 0x11 (size before relaxing)
 .rodata._printf_i.str1.1
                0x08002a40       0x22 /opt/st/stm32cubeide_1.19.0/plugins/com.st.stm32cube.ide.mcu.externaltools.gnu-tools-for-stm32.13.3.rel1.linux64_1.0.0.202410170706/tools/bin/../lib/gcc/arm-none-eabi/13.3.1/../../../../arm-none-eabi/lib/thumb/v7e-m/nofp/libc_nano.a(libc_a-nano-vfprintf_i.o)
                0x08002a64                        . = ALIGN (0x4)

.ARM.extab      0x08002a40        0x0
                0x08002a40                        . = ALIGN (0x4)
 *(.ARM.extab* .gnu.linkonce.armextab.*)
                0x08002a40                        . = ALIGN (0x4)

.ARM            0x08002a40        0x8
                0x08002a40                        . = ALIGN (0x4)
                0x08002a40                        __exidx_start = .
 *(.ARM.exidx*)
 .ARM.exidx     0x08002a40        0x8 /opt/st/stm32cubeide_1.19.0/plugins/com.st.stm32cube.ide.mcu.externaltools.gnu-tools-for-stm32.13.3.rel1.linux64_1.0.0.202410170706/tools/bin/../lib/gcc/arm-none-eabi/13.3.1/../../../../arm-none-eabi/lib/thumb/v7e-m/nofp/libc_nano.a(libc_a-memchr.o)
                0x08002a48                        __exidx_end = .
                0x08002a48                        . = ALIGN (0x4)

.preinit_array  0x08002a48        0x0
                0x08002a48                        . = ALIGN (0x4)
                0x08002a48                        PROVIDE (__preinit_array_start = .)
 *(.preinit_array*)
                0x08002a48                        PROVIDE (__preinit_array_end = .)
                0x08002a48                        . = ALIGN (0x4)

.init_array     0x08002a48        0x4
                0x08002a48                        . = ALIGN (0x4)
                0x08002a48                        PROVIDE (__init_array_start = .)
 *(SORT_BY_NAME(.init_array.*))
 *(.init_array*)
 .init_array    0x08002a48        0x4 /opt/st/stm32cubeide_1.19.0/plugins/com.st.stm32cube.ide.mcu.externaltools.gnu-tools-for-stm32.13.3.rel1.linux64_1.0.0.202410170706/tools/bin/../lib/gcc/arm-none-eabi/13.3.1/thumb/v7e-m/nofp/crtbegin.o
                0x08002a4c                        PROVIDE (__init_array_end = .)
                0x08002a4c                        . = ALIGN (0x4)

.fini_array     0x08002a4c        0x4
                0x08002a4c                        . = ALIGN (0x4)
                [!provide]                        PROVIDE (__fini_array_start = .)
 *(SORT_BY_NAME(.fini_array.*))
 *(.fini_array*)
 .fini_array    0x08002a4c        0x4 /opt/st/stm32cubeide_1.19.0/plugins/com.st.stm32cube.ide.mcu.externaltools.gnu-tools-for-stm32.13.3.rel1.linux64_1.0.0.202410170706/tools/bin/../lib/gcc/arm-none-eabi/13.3.1/thumb/v7e-m/nofp/crtbegin.o
                [!provide]                        PROVIDE (__fini_array_end = .)
                0x08002a50                        . = ALIGN (0x4)
                0x08002a50                        _sidata = LOADADDR (.data)

.rel.dyn        0x08002a50        0x0
 .rel.iplt      0x08002a50        0x0 /opt/st/stm32cubeide_1.19.0/plugins/com.st.stm32cube.ide.mcu.externaltools.gnu-tools-for-stm32.13.3.rel1.linux64_1.0.0.202410170706/tools/bin/../lib/gcc/arm-none-eabi/13.3.1/thumb/v7e-m/nofp/crtbegin.o

.data           0x20000000       0x74 load address 0x08002a50
                0x20000000                        . = ALIGN (0x4)
                0x20000000                        _sdata = .
 *(.data)
 *(.data*)
 .data.AHB_PreScaler
                0x20000000       0x10 ./drivers/Src/stm32f429xx_rcc_driver.o
                0x20000000                AHB_PreScaler
 .data.APB_PreScaler
                0x20000010        0x8 ./drivers/Src/stm32f429xx_rcc_driver.o
                0x20000010                APB_PreScaler
 .data.__sglue  0x20000018        0xc /opt/st/stm32cubeide_1.19.0/plugins/com.st.stm32cube.ide.mcu.externaltools.gnu-tools-for-stm32.13.3.rel1.linux64_1.0.0.202410170706/tools/bin/../lib/gcc/arm-none-eabi/13.3.1/../../../../arm-none-eabi/lib/thumb/v7e-m/nofp/libc_nano.a(libc_a-findfp.o)
                0x20000018                __sglue
 .data._impure_ptr
                0x20000024        0x4 /opt/st/stm32cubeide_1.19.0/plugins/com.st.stm32cube.ide.mcu.externaltools.gnu-tools-for-stm32.13.3.rel1.linux64_1.0.0.202410170706/tools/bin/../lib/gcc/arm-none-eabi/13.3.1/../../../../arm-none-eabi/lib/thumb/v7e-m/nofp/libc_nano.a(libc_a-impure.o)
                0x20000024                _impure_ptr
 .data._impure_data
                0x20000028       0x4c /opt/st/stm32cubeide_1.19.0/plugins/com.st.stm32cube.ide.mcu.externaltools.gnu-tools-for-stm32.13.3.rel1.linux64_1.0.0.202410170706/tools/bin/../lib/gcc/arm-none-eabi/13.3.1/../../../../arm-none-eabi/lib/thumb/v7e-m/nofp/libc_nano.a(libc_a-impure.o)
                0x20000028                _impure_data
 *(.RamFunc)
 *(.RamFunc*)
                0x20000074                        . = ALIGN (0x4)
                0x20000074                        _edata = .
                0x08002ac4                        _siccmram = LOADADDR (.ccmram)

.igot.plt       0x20000074        0x0 load address 0x08002ac4
 .igot.plt      0x20000074        0x0 /opt/st/stm32cubeide_1.19.0/plugins/com.st.stm32cube.ide.mcu.externaltools.gnu-tools-for-stm32.13.3.rel1.linux64_1.0.0.202410170706/tools/bin/../lib/gcc/arm-none-eabi/13.3.1/thumb/v7e-m/nofp/crtbegin.o

.ccmram         0x10000000        0x0 load address 0x08002ac4
                0x10000000                        . = ALIGN (0x4)
                0x10000000                        _sccmram = .
 *(.ccmram)
 *(.ccmram*)
                0x10000000                        . = ALIGN (0x4)
                0x10000000                        _eccmram = .
                0x10000000                        . = ALIGN (0x4)

.bss            0x20000074      0x1ac
                0x20000074                        _sbss = .
                0x20000074                        __bss_start__ = _sbss
 *(.bss)
 .bss           0x20000074       0x1c /opt/st/stm32cubeide_1.19.0/plugins/com.st.stm32cube.ide.mcu.externaltools.gnu-tools-for-stm32.13.3.rel1.linux64_1.0.0.202410170706/tools/bin/../lib/gcc/arm-none-eabi/13.3.1/thumb/v7e-m/nofp/crtbegin.o
 *(.bss*)
 .bss.buf.1     0x20000090        0x9 ./Src/013_rtc_lcd.o
 *fill*         0x20000099        0x3 
 .bss.buf.0     0x2000009c        0x9 ./Src/013_rtc_lcd.o
 *fill*         0x200000a5        0x3 
 .bss.__sbrk_heap_end
                0x200000a8        0x4 ./Src/sysmem.o
 .bss.g_ds1307_I2CHandle
                0x200000ac       0x28 ./bsp/ds1307.o
                0x200000ac                g_ds1307_I2CHandle
 .bss.__sf      0x200000d4      0x138 /opt/st/stm32cubeide_1.19.0/plugins/com.st.stm32cube.ide.mcu.externaltools.gnu-tools-for-stm32.13.3.rel1.linux64_1.0.0.202410170706/tools/bin/../lib/gcc/arm-none-eabi/13.3.1/../../../../arm-none-eabi/lib/thumb/v7e-m/nofp/libc_nano.a(libc_a-findfp.o)
                0x200000d4                __sf
 .bss.__stdio_exit_handler
                0x2000020c        0x4 /opt/st/stm32cubeide_1.19.0/plugins/com.st.stm32cube.ide.mcu.externaltools.gnu-tools-for-stm32.13.3.rel1.linux64_1.0.0.202410170706/tools/bin/../lib/gcc/arm-none-eabi/13.3.1/../../../../arm-none-eabi/lib/thumb/v7e-m/nofp/libc_nano.a(libc_a-findfp.o)
                0x2000020c                __stdio_exit_handler
 .bss.errno     0x20000210        0x4 /opt/st/stm32cubeide_1.19.0/plugins/com.st.stm32cube.ide.mcu.externaltools.gnu-tools-for-stm32.13.3.rel1.linux64_1.0.0.202410170706/tools/bin/../lib/gcc/arm-none-eabi/13.3.1/../../../../arm-none-eabi/lib/thumb/v7e-m/nofp/libc_nano.a(libc_a-reent.o)
                0x20000210                errno
 .bss.__lock___malloc_recursive_mutex
                0x20000214        0x1 /opt/st/stm32cubeide_1.19.0/plugins/com.st.stm32cube.ide.mcu.externaltools.gnu-tools-for-stm32.13.3.rel1.linux64_1.0.0.202410170706/tools/bin/../lib/gcc/arm-none-eabi/13.3.1/../../../../arm-none-eabi/lib/thumb/v7e-m/nofp/libc_nano.a(libc_a-lock.o)
                0x20000214                __lock___malloc_recursive_mutex
 .bss.__lock___sfp_recursive_mutex
                0x20000215        0x1 /opt/st/stm32cubeide_1.19.0/plugins/com.st.stm32cube.ide.mcu.externaltools.gnu-tools-for-stm32.13.3.rel1.linux64_1.0.0.202410170706/tools/bin/../lib/gcc/arm-none-eabi/13.3.1/../../../../arm-none-eabi/lib/thumb/v7e-m/nofp/libc_nano.a(libc_a-lock.o)
                0x20000215                __lock___sfp_recursive_mutex
 *fill*         0x20000216        0x2 
 .bss.__malloc_sbrk_start
                0x20000218        0x4 /opt/st/stm32cubeide_1.19.0/plugins/com.st.stm32cube.ide.mcu.externaltools.gnu-tools-for-stm32.13.3.rel1.linux64_1.0.0.202410170706/tools/bin/../lib/gcc/arm-none-eabi/13.3.1/../../../../arm-none-eabi/lib/thumb/v7e-m/nofp/libc_nano.a(libc_a-mallocr.o)
                0x20000218                __malloc_sbrk_start
 .bss.__malloc_free_list
                0x2000021c        0x4 /opt/st/stm32cubeide_1.19.0/plugins/com.st.stm32cube.ide.mcu.externaltools.gnu-tools-for-stm32.13.3.rel1.linux64_1.0.0.202410170706/tools/bin/../lib/gcc/arm-none-eabi/13.3.1/../../../../arm-none-eabi/lib/thumb/v7e-m/nofp/libc_nano.a(libc_a-mallocr.o)
                0x2000021c                __malloc_free_list
 *(COMMON)
                0x20000220                        . = ALIGN (0x4)
                0x20000220                        _ebss = .
                0x20000220                        __bss_end__ = _ebss

._user_heap_stack
                0x20000220      0x600
                0x20000220                        . = ALIGN (0x8)
                [!provide]                        PROVIDE (end = .)
                0x20000220                        PROVIDE (_end = .)
                0x20000420                        . = (. + _Min_Heap_Size)
 *fill*         0x20000220      0x200 
                0x20000820                        . = (. + _Min_Stack_Size)
 *fill*         0x20000420      0x400 
                0x20000820                        . = ALIGN (0x8)

/DISCARD/
 libc.a(*)
 libm.a(*)
 libgcc.a(*)

.ARM.attributes
                0x00000000       0x2a
 *(.ARM.attributes)
 .ARM.attributes
                0x00000000       0x1e /opt/st/stm32cubeide_1.19.0/plugins/com.st.stm32cube.ide.mcu.externaltools.gnu-tools-for-stm32.13.3.rel1.linux64_1.0.0.202410170706/tools/bin/../lib/gcc/arm-none-eabi/13.3.1/thumb/v7e-m/nofp/crti.o
 .ARM.attributes
                0x0000001e       0x2e /opt/st/stm32cubeide_1.19.0/plugins/com.st.stm32cube.ide.mcu.externaltools.gnu-tools-for-stm32.13.3.rel1.linux64_1.0.0.202410170706/tools/bin/../lib/gcc/arm-none-eabi/13.3.1/thumb/v7e-m/nofp/crtbegin.o
 .ARM.attributes
                0x0000004c       0x2e ./Src/013_rtc_lcd.o
 .ARM.attributes
                0x0000007a       0x2e ./Src/syscalls.o
 .ARM.attributes
                0x000000a8       0x2e ./Src/sysmem.o
 .ARM.attributes
                0x000000d6       0x21 ./Startup/startup_stm32f429zitx.o
 .ARM.attributes
                0x000000f7       0x2e ./bsp/ds1307.o
 .ARM.attributes
                0x00000125       0x2e ./bsp/lcd.o
 .ARM.attributes
                0x00000153       0x2e ./drivers/Src/stm32f429xx_gpio_driver.o
 .ARM.attributes
                0x00000181       0x2e ./drivers/Src/stm32f429xx_i2c_driver.o
 .ARM.attributes
                0x000001af       0x2e ./drivers/Src/stm32f429xx_rcc_driver.o
 .ARM.attributes
                0x000001dd       0x2e /opt/st/stm32cubeide_1.19.0/plugins/com.st.stm32cube.ide.mcu.externaltools.gnu-tools-for-stm32.13.3.rel1.linux64_1.0.0.202410170706/tools/bin/../lib/gcc/arm-none-eabi/13.3.1/../../../../arm-none-eabi/lib/thumb/v7e-m/nofp/libc_nano.a(libc_a-findfp.o)
 .ARM.attributes
                0x0000020b       0x2e /opt/st/stm32cubeide_1.19.0/plugins/com.st.stm32cube.ide.mcu.externaltools.gnu-tools-for-stm32.13.3.rel1.linux64_1.0.0.202410170706/tools/bin/../lib/gcc/arm-none-eabi/13.3.1/../../../../arm-none-eabi/lib/thumb/v7e-m/nofp/libc_nano.a(libc_a-fwalk.o)
 .ARM.attributes
                0x00000239       0x2e /opt/st/stm32cubeide_1.19.0/plugins/com.st.stm32cube.ide.mcu.externaltools.gnu-tools-for-stm32.13.3.rel1.linux64_1.0.0.202410170706/tools/bin/../lib/gcc/arm-none-eabi/13.3.1/../../../../arm-none-eabi/lib/thumb/v7e-m/nofp/libc_nano.a(libc_a-printf.o)
 .ARM.attributes
                0x00000267       0x2e /opt/st/stm32cubeide_1.19.0/plugins/com.st.stm32cube.ide.mcu.externaltools.gnu-tools-for-stm32.13.3.rel1.linux64_1.0.0.202410170706/tools/bin/../lib/gcc/arm-none-eabi/13.3.1/../../../../arm-none-eabi/lib/thumb/v7e-m/nofp/libc_nano.a(libc_a-puts.o)
 .ARM.attributes
                0x00000295       0x2e /opt/st/stm32cubeide_1.19.0/plugins/com.st.stm32cube.ide.mcu.externaltools.gnu-tools-for-stm32.13.3.rel1.linux64_1.0.0.202410170706/tools/bin/../lib/gcc/arm-none-eabi/13.3.1/../../../../arm-none-eabi/lib/thumb/v7e-m/nofp/libc_nano.a(libc_a-stdio.o)
 .ARM.attributes
                0x000002c3       0x2e /opt/st/stm32cubeide_1.19.0/plugins/com.st.stm32cube.ide.mcu.externaltools.gnu-tools-for-stm32.13.3.rel1.linux64_1.0.0.202410170706/tools/bin/../lib/gcc/arm-none-eabi/13.3.1/../../../../arm-none-eabi/lib/thumb/v7e-m/nofp/libc_nano.a(libc_a-wbuf.o)
 .ARM.attributes
                0x000002f1       0x2e /opt/st/stm32cubeide_1.19.0/plugins/com.st.stm32cube.ide.mcu.externaltools.gnu-tools-for-stm32.13.3.rel1.linux64_1.0.0.202410170706/tools/bin/../lib/gcc/arm-none-eabi/13.3.1/../../../../arm-none-eabi/lib/thumb/v7e-m/nofp/libc_nano.a(libc_a-wsetup.o)
 .ARM.attributes
                0x0000031f       0x2e /opt/st/stm32cubeide_1.19.0/plugins/com.st.stm32cube.ide.mcu.externaltools.gnu-tools-for-stm32.13.3.rel1.linux64_1.0.0.202410170706/tools/bin/../lib/gcc/arm-none-eabi/13.3.1/../../../../arm-none-eabi/lib/thumb/v7e-m/nofp/libc_nano.a(libc_a-memset.o)
 .ARM.attributes
                0x0000034d       0x2e /opt/st/stm32cubeide_1.19.0/plugins/com.st.stm32cube.ide.mcu.externaltools.gnu-tools-for-stm32.13.3.rel1.linux64_1.0.0.202410170706/tools/bin/../lib/gcc/arm-none-eabi/13.3.1/../../../../arm-none-eabi/lib/thumb/v7e-m/nofp/libc_nano.a(libc_a-closer.o)
 .ARM.attributes
                0x0000037b       0x2e /opt/st/stm32cubeide_1.19.0/plugins/com.st.stm32cube.ide.mcu.externaltools.gnu-tools-for-stm32.13.3.rel1.linux64_1.0.0.202410170706/tools/bin/../lib/gcc/arm-none-eabi/13.3.1/../../../../arm-none-eabi/lib/thumb/v7e-m/nofp/libc_nano.a(libc_a-reent.o)
 .ARM.attributes
                0x000003a9       0x2e /opt/st/stm32cubeide_1.19.0/plugins/com.st.stm32cube.ide.mcu.externaltools.gnu-tools-for-stm32.13.3.rel1.linux64_1.0.0.202410170706/tools/bin/../lib/gcc/arm-none-eabi/13.3.1/../../../../arm-none-eabi/lib/thumb/v7e-m/nofp/libc_nano.a(libc_a-impure.o)
 .ARM.attributes
                0x000003d7       0x2e /opt/st/stm32cubeide_1.19.0/plugins/com.st.stm32cube.ide.mcu.externaltools.gnu-tools-for-stm32.13.3.rel1.linux64_1.0.0.202410170706/tools/bin/../lib/gcc/arm-none-eabi/13.3.1/../../../../arm-none-eabi/lib/thumb/v7e-m/nofp/libc_nano.a(libc_a-lseekr.o)
 .ARM.attributes
                0x00000405       0x2e /opt/st/stm32cubeide_1.19.0/plugins/com.st.stm32cube.ide.mcu.externaltools.gnu-tools-for-stm32.13.3.rel1.linux64_1.0.0.202410170706/tools/bin/../lib/gcc/arm-none-eabi/13.3.1/../../../../arm-none-eabi/lib/thumb/v7e-m/nofp/libc_nano.a(libc_a-readr.o)
 .ARM.attributes
                0x00000433       0x2e /opt/st/stm32cubeide_1.19.0/plugins/com.st.stm32cube.ide.mcu.externaltools.gnu-tools-for-stm32.13.3.rel1.linux64_1.0.0.202410170706/tools/bin/../lib/gcc/arm-none-eabi/13.3.1/../../../../arm-none-eabi/lib/thumb/v7e-m/nofp/libc_nano.a(libc_a-writer.o)
 .ARM.attributes
                0x00000461       0x2e /opt/st/stm32cubeide_1.19.0/plugins/com.st.stm32cube.ide.mcu.externaltools.gnu-tools-for-stm32.13.3.rel1.linux64_1.0.0.202410170706/tools/bin/../lib/gcc/arm-none-eabi/13.3.1/../../../../arm-none-eabi/lib/thumb/v7e-m/nofp/libc_nano.a(libc_a-errno.o)
 .ARM.attributes
                0x0000048f       0x2e /opt/st/stm32cubeide_1.19.0/plugins/com.st.stm32cube.ide.mcu.externaltools.gnu-tools-for-stm32.13.3.rel1.linux64_1.0.0.202410170706/tools/bin/../lib/gcc/arm-none-eabi/13.3.1/../../../../arm-none-eabi/lib/thumb/v7e-m/nofp/libc_nano.a(libc_a-init.o)
 .ARM.attributes
                0x000004bd       0x2e /opt/st/stm32cubeide_1.19.0/plugins/com.st.stm32cube.ide.mcu.externaltools.gnu-tools-for-stm32.13.3.rel1.linux64_1.0.0.202410170706/tools/bin/../lib/gcc/arm-none-eabi/13.3.1/../../../../arm-none-eabi/lib/thumb/v7e-m/nofp/libc_nano.a(libc_a-lock.o)
 .ARM.attributes
                0x000004eb       0x2e /opt/st/stm32cubeide_1.19.0/plugins/com.st.stm32cube.ide.mcu.externaltools.gnu-tools-for-stm32.13.3.rel1.linux64_1.0.0.202410170706/tools/bin/../lib/gcc/arm-none-eabi/13.3.1/../../../../arm-none-eabi/lib/thumb/v7e-m/nofp/libc_nano.a(libc_a-freer.o)
 .ARM.attributes
                0x00000519       0x2e /opt/st/stm32cubeide_1.19.0/plugins/com.st.stm32cube.ide.mcu.externaltools.gnu-tools-for-stm32.13.3.rel1.linux64_1.0.0.202410170706/tools/bin/../lib/gcc/arm-none-eabi/13.3.1/../../../../arm-none-eabi/lib/thumb/v7e-m/nofp/libc_nano.a(libc_a-mallocr.o)
 .ARM.attributes
                0x00000547       0x2e /opt/st/stm32cubeide_1.19.0/plugins/com.st.stm32cube.ide.mcu.externaltools.gnu-tools-for-stm32.13.3.rel1.linux64_1.0.0.202410170706/tools/bin/../lib/gcc/arm-none-eabi/13.3.1/../../../../arm-none-eabi/lib/thumb/v7e-m/nofp/libc_nano.a(libc_a-mlock.o)
 .ARM.attributes
                0x00000575       0x2e /opt/st/stm32cubeide_1.19.0/plugins/com.st.stm32cube.ide.mcu.externaltools.gnu-tools-for-stm32.13.3.rel1.linux64_1.0.0.202410170706/tools/bin/../lib/gcc/arm-none-eabi/13.3.1/../../../../arm-none-eabi/lib/thumb/v7e-m/nofp/libc_nano.a(libc_a-nano-vfprintf.o)
 .ARM.attributes
                0x000005a3       0x2e /opt/st/stm32cubeide_1.19.0/plugins/com.st.stm32cube.ide.mcu.externaltools.gnu-tools-for-stm32.13.3.rel1.linux64_1.0.0.202410170706/tools/bin/../lib/gcc/arm-none-eabi/13.3.1/../../../../arm-none-eabi/lib/thumb/v7e-m/nofp/libc_nano.a(libc_a-nano-vfprintf_i.o)
 .ARM.attributes
                0x000005d1       0x2e /opt/st/stm32cubeide_1.19.0/plugins/com.st.stm32cube.ide.mcu.externaltools.gnu-tools-for-stm32.13.3.rel1.linux64_1.0.0.202410170706/tools/bin/../lib/gcc/arm-none-eabi/13.3.1/../../../../arm-none-eabi/lib/thumb/v7e-m/nofp/libc_nano.a(libc_a-fflush.o)
 .ARM.attributes
                0x000005ff       0x2e /opt/st/stm32cubeide_1.19.0/plugins/com.st.stm32cube.ide.mcu.externaltools.gnu-tools-for-stm32.13.3.rel1.linux64_1.0.0.202410170706/tools/bin/../lib/gcc/arm-none-eabi/13.3.1/../../../../arm-none-eabi/lib/thumb/v7e-m/nofp/libc_nano.a(libc_a-makebuf.o)
 .ARM.attributes
                0x0000062d       0x2e /opt/st/stm32cubeide_1.19.0/plugins/com.st.stm32cube.ide.mcu.externaltools.gnu-tools-for-stm32.13.3.rel1.linux64_1.0.0.202410170706/tools/bin/../lib/gcc/arm-none-eabi/13.3.1/../../../../arm-none-eabi/lib/thumb/v7e-m/nofp/libc_nano.a(libc_a-fstatr.o)
 .ARM.attributes
                0x0000065b       0x2e /opt/st/stm32cubeide_1.19.0/plugins/com.st.stm32cube.ide.mcu.externaltools.gnu-tools-for-stm32.13.3.rel1.linux64_1.0.0.202410170706/tools/bin/../lib/gcc/arm-none-eabi/13.3.1/../../../../arm-none-eabi/lib/thumb/v7e-m/nofp/libc_nano.a(libc_a-isattyr.o)
 .ARM.attributes
                0x00000689       0x2e /opt/st/stm32cubeide_1.19.0/plugins/com.st.stm32cube.ide.mcu.externaltools.gnu-tools-for-stm32.13.3.rel1.linux64_1.0.0.202410170706/tools/bin/../lib/gcc/arm-none-eabi/13.3.1/../../../../arm-none-eabi/lib/thumb/v7e-m/nofp/libc_nano.a(libc_a-sbrkr.o)
 .ARM.attributes
                0x000006b7       0x1c /opt/st/stm32cubeide_1.19.0/plugins/com.st.stm32cube.ide.mcu.externaltools.gnu-tools-for-stm32.13.3.rel1.linux64_1.0.0.202410170706/tools/bin/../lib/gcc/arm-none-eabi/13.3.1/../../../../arm-none-eabi/lib/thumb/v7e-m/nofp/libc_nano.a(libc_a-memchr.o)
 .ARM.attributes
                0x000006d3       0x1e /opt/st/stm32cubeide_1.19.0/plugins/com.st.stm32cube.ide.mcu.externaltools.gnu-tools-for-stm32.13.3.rel1.linux64_1.0.0.202410170706/tools/bin/../lib/gcc/arm-none-eabi/13.3.1/thumb/v7e-m/nofp/crtn.o
OUTPUT(stm32f429_drivers.elf elf32-littlearm)
LOAD linker stubs
LOAD /opt/st/stm32cubeide_1.19.0/plugins/com.st.stm32cube.ide.mcu.externaltools.gnu-tools-for-stm32.13.3.rel1.linux64_1.0.0.202410170706/tools/bin/../lib/gcc/arm-none-eabi/13.3.1/../../../../arm-none-eabi/lib/thumb/v7e-m/nofp/libc.a
LOAD /opt/st/stm32cubeide_1.19.0/plugins/com.st.stm32cube.ide.mcu.externaltools.gnu-tools-for-stm32.13.3.rel1.linux64_1.0.0.202410170706/tools/bin/../lib/gcc/arm-none-eabi/13.3.1/../../../../arm-none-eabi/lib/thumb/v7e-m/nofp/libm.a
LOAD /opt/st/stm32cubeide_1.19.0/plugins/com.st.stm32cube.ide.mcu.externaltools.gnu-tools-for-stm32.13.3.rel1.linux64_1.0.0.202410170706/tools/bin/../lib/gcc/arm-none-eabi/13.3.1/thumb/v7e-m/nofp/libgcc.a

.debug_info     0x00000000     0x2d49
 .debug_info    0x00000000      0x3d3 ./Src/013_rtc_lcd.o
 .debug_info    0x000003d3      0x6d1 ./Src/syscalls.o
 .debug_info    0x00000aa4      0x168 ./Src/sysmem.o
 .debug_info    0x00000c0c       0x30 ./Startup/startup_stm32f429zitx.o
 .debug_info    0x00000c3c      0x700 ./bsp/ds1307.o
 .debug_info    0x0000133c      0x39b ./bsp/lcd.o
 .debug_info    0x000016d7      0x789 ./drivers/Src/stm32f429xx_gpio_driver.o
 .debug_info    0x00001e60      0xb4b ./drivers/Src/stm32f429xx_i2c_driver.o
 .debug_info    0x000029ab      0x39e ./drivers/Src/stm32f429xx_rcc_driver.o

.debug_abbrev   0x00000000      0xc2c
 .debug_abbrev  0x00000000      0x1ba ./Src/013_rtc_lcd.o
 .debug_abbrev  0x000001ba      0x1b1 ./Src/syscalls.o
 .debug_abbrev  0x0000036b       0xbc ./Src/sysmem.o
 .debug_abbrev  0x00000427       0x24 ./Startup/startup_stm32f429zitx.o
 .debug_abbrev  0x0000044b      0x1a2 ./bsp/ds1307.o
 .debug_abbrev  0x000005ed      0x19f ./bsp/lcd.o
 .debug_abbrev  0x0000078c      0x172 ./drivers/Src/stm32f429xx_gpio_driver.o
 .debug_abbrev  0x000008fe      0x22c ./drivers/Src/stm32f429xx_i2c_driver.o
 .debug_abbrev  0x00000b2a      0x102 ./drivers/Src/stm32f429xx_rcc_driver.o

.debug_aranges  0x00000000      0x3c0
 .debug_aranges
                0x00000000       0x50 ./Src/013_rtc_lcd.o
 .debug_aranges
                0x00000050       0xb0 ./Src/syscalls.o
 .debug_aranges
                0x00000100       0x20 ./Src/sysmem.o
 .debug_aranges
                0x00000120       0x28 ./Startup/startup_stm32f429zitx.o
 .debug_aranges
                0x00000148       0x70 ./bsp/ds1307.o
 .debug_aranges
                0x000001b8       0x70 ./bsp/lcd.o
 .debug_aranges
                0x00000228       0x70 ./drivers/Src/stm32f429xx_gpio_driver.o
 .debug_aranges
                0x00000298       0xf8 ./drivers/Src/stm32f429xx_i2c_driver.o
 .debug_aranges
                0x00000390       0x30 ./drivers/Src/stm32f429xx_rcc_driver.o

.debug_rnglists
                0x00000000      0x2b9
 .debug_rnglists
                0x00000000       0x39 ./Src/013_rtc_lcd.o
 .debug_rnglists
                0x00000039       0x7f ./Src/syscalls.o
 .debug_rnglists
                0x000000b8       0x13 ./Src/sysmem.o
 .debug_rnglists
                0x000000cb       0x19 ./Startup/startup_stm32f429zitx.o
 .debug_rnglists
                0x000000e4       0x51 ./bsp/ds1307.o
 .debug_rnglists
                0x00000135       0x50 ./bsp/lcd.o
 .debug_rnglists
                0x00000185       0x53 ./drivers/Src/stm32f429xx_gpio_driver.o
 .debug_rnglists
                0x000001d8       0xc0 ./drivers/Src/stm32f429xx_i2c_driver.o
 .debug_rnglists
                0x00000298       0x21 ./drivers/Src/stm32f429xx_rcc_driver.o

.debug_macro    0x00000000     0x428e
 .debug_macro   0x00000000      0x1d2 ./Src/013_rtc_lcd.o
 .debug_macro   0x000001d2      0xad8 ./Src/013_rtc_lcd.o
 .debug_macro   0x00000caa      0x190 ./Src/013_rtc_lcd.o
 .debug_macro   0x00000e3a       0x22 ./Src/013_rtc_lcd.o
 .debug_macro   0x00000e5c       0x5b ./Src/013_rtc_lcd.o
 .debug_macro   0x00000eb7       0x24 ./Src/013_rtc_lcd.o
 .debug_macro   0x00000edb       0x94 ./Src/013_rtc_lcd.o
 .debug_macro   0x00000f6f       0x43 ./Src/013_rtc_lcd.o
 .debug_macro   0x00000fb2       0x34 ./Src/013_rtc_lcd.o
 .debug_macro   0x00000fe6       0x57 ./Src/013_rtc_lcd.o
 .debug_macro   0x0000103d      0x370 ./Src/013_rtc_lcd.o
 .debug_macro   0x000013ad       0x16 ./Src/013_rtc_lcd.o
 .debug_macro   0x000013c3       0x4a ./Src/013_rtc_lcd.o
 .debug_macro   0x0000140d       0x34 ./Src/013_rtc_lcd.o
 .debug_macro   0x00001441       0x10 ./Src/013_rtc_lcd.o
 .debug_macro   0x00001451       0x58 ./Src/013_rtc_lcd.o
 .debug_macro   0x000014a9       0x8e ./Src/013_rtc_lcd.o
 .debug_macro   0x00001537       0x1c ./Src/013_rtc_lcd.o
 .debug_macro   0x00001553      0x185 ./Src/013_rtc_lcd.o
 .debug_macro   0x000016d8       0x10 ./Src/013_rtc_lcd.o
 .debug_macro   0x000016e8       0x3c ./Src/013_rtc_lcd.o
 .debug_macro   0x00001724       0x20 ./Src/013_rtc_lcd.o
 .debug_macro   0x00001744      0x103 ./Src/013_rtc_lcd.o
 .debug_macro   0x00001847       0x6a ./Src/013_rtc_lcd.o
 .debug_macro   0x000018b1      0x1df ./Src/013_rtc_lcd.o
 .debug_macro   0x00001a90      0x896 ./Src/013_rtc_lcd.o
 .debug_macro   0x00002326      0x124 ./Src/013_rtc_lcd.o
 .debug_macro   0x0000244a       0xc4 ./Src/013_rtc_lcd.o
 .debug_macro   0x0000250e      0x10c ./Src/013_rtc_lcd.o
 .debug_macro   0x0000261a      0x130 ./Src/013_rtc_lcd.o
 .debug_macro   0x0000274a       0x94 ./Src/013_rtc_lcd.o
 .debug_macro   0x000027de       0x58 ./Src/013_rtc_lcd.o
 .debug_macro   0x00002836       0x1c ./Src/013_rtc_lcd.o
 .debug_macro   0x00002852       0x10 ./Src/013_rtc_lcd.o
 .debug_macro   0x00002862       0x1c ./Src/013_rtc_lcd.o
 .debug_macro   0x0000287e       0x16 ./Src/013_rtc_lcd.o
 .debug_macro   0x00002894      0x146 ./Src/013_rtc_lcd.o
 .debug_macro   0x000029da      0x286 ./Src/syscalls.o
 .debug_macro   0x00002c60       0x10 ./Src/syscalls.o
 .debug_macro   0x00002c70       0x10 ./Src/syscalls.o
 .debug_macro   0x00002c80       0x10 ./Src/syscalls.o
 .debug_macro   0x00002c90       0x10 ./Src/syscalls.o
 .debug_macro   0x00002ca0       0x1c ./Src/syscalls.o
 .debug_macro   0x00002cbc       0x52 ./Src/syscalls.o
 .debug_macro   0x00002d0e       0x22 ./Src/syscalls.o
 .debug_macro   0x00002d30       0x10 ./Src/syscalls.o
 .debug_macro   0x00002d40       0x52 ./Src/syscalls.o
 .debug_macro   0x00002d92       0xcf ./Src/syscalls.o
 .debug_macro   0x00002e61       0x1c ./Src/syscalls.o
 .debug_macro   0x00002e7d       0x3d ./Src/syscalls.o
 .debug_macro   0x00002eba       0x35 ./Src/syscalls.o
 .debug_macro   0x00002eef      0x12c ./Src/syscalls.o
 .debug_macro   0x0000301b       0x16 ./Src/syscalls.o
 .debug_macro   0x00003031       0x16 ./Src/syscalls.o
 .debug_macro   0x00003047       0x29 ./Src/syscalls.o
 .debug_macro   0x00003070       0x10 ./Src/syscalls.o
 .debug_macro   0x00003080      0x242 ./Src/syscalls.o
 .debug_macro   0x000032c2       0x10 ./Src/syscalls.o
 .debug_macro   0x000032d2      0x18a ./Src/syscalls.o
 .debug_macro   0x0000345c       0x16 ./Src/syscalls.o
 .debug_macro   0x00003472       0xce ./Src/syscalls.o
 .debug_macro   0x00003540      0x112 ./Src/sysmem.o
 .debug_macro   0x00003652      0x23c ./Src/sysmem.o
 .debug_macro   0x0000388e      0x1c3 ./bsp/ds1307.o
 .debug_macro   0x00003a51      0x18f ./bsp/lcd.o
 .debug_macro   0x00003be0       0x52 ./bsp/lcd.o
 .debug_macro   0x00003c32      0x18a ./drivers/Src/stm32f429xx_gpio_driver.o
 .debug_macro   0x00003dbc       0xbe ./drivers/Src/stm32f429xx_gpio_driver.o
 .debug_macro   0x00003e7a      0x18a ./drivers/Src/stm32f429xx_i2c_driver.o
 .debug_macro   0x00004004      0x106 ./drivers/Src/stm32f429xx_i2c_driver.o
 .debug_macro   0x0000410a      0x184 ./drivers/Src/stm32f429xx_rcc_driver.o

.debug_line     0x00000000     0x4443
 .debug_line    0x00000000      0x7d9 ./Src/013_rtc_lcd.o
 .debug_line    0x000007d9      0x81b ./Src/syscalls.o
 .debug_line    0x00000ff4      0x4b8 ./Src/sysmem.o
 .debug_line    0x000014ac       0x7b ./Startup/startup_stm32f429zitx.o
 .debug_line    0x00001527      0x7e0 ./bsp/ds1307.o
 .debug_line    0x00001d07      0x731 ./bsp/lcd.o
 .debug_line    0x00002438      0xad4 ./drivers/Src/stm32f429xx_gpio_driver.o
 .debug_line    0x00002f0c      0xea2 ./drivers/Src/stm32f429xx_i2c_driver.o
 .debug_line    0x00003dae      0x695 ./drivers/Src/stm32f429xx_rcc_driver.o

.debug_str      0x00000000     0xe11f
 .debug_str     0x00000000     0xe11f ./Src/013_rtc_lcd.o
                               0xb795 (size before relaxing)
 .debug_str     0x0000e11f     0x9a4d ./Src/syscalls.o
 .debug_str     0x0000e11f     0x773d ./Src/sysmem.o
 .debug_str     0x0000e11f       0x7e ./Startup/startup_stm32f429zitx.o
 .debug_str     0x0000e11f     0xb795 ./bsp/ds1307.o
 .debug_str     0x0000e11f     0xaf2f ./bsp/lcd.o
 .debug_str     0x0000e11f     0xb001 ./drivers/Src/stm32f429xx_gpio_driver.o
 .debug_str     0x0000e11f     0xb1f3 ./drivers/Src/stm32f429xx_i2c_driver.o
 .debug_str     0x0000e11f     0xae12 ./drivers/Src/stm32f429xx_rcc_driver.o

.comment        0x00000000       0x43
 .comment       0x00000000       0x43 ./Src/013_rtc_lcd.o
                                 0x44 (size before relaxing)
 .comment       0x00000043       0x44 ./Src/syscalls.o
 .comment       0x00000043       0x44 ./Src/sysmem.o
 .comment       0x00000043       0x44 ./bsp/ds1307.o
 .comment       0x00000043       0x44 ./bsp/lcd.o
 .comment       0x00000043       0x44 ./drivers/Src/stm32f429xx_gpio_driver.o
 .comment       0x00000043       0x44 ./drivers/Src/stm32f429xx_i2c_driver.o
 .comment       0x00000043       0x44 ./drivers/Src/stm32f429xx_rcc_driver.o

.debug_frame    0x00000000     0x15e4
 .debug_frame   0x00000000      0x11c ./Src/013_rtc_lcd.o
 .debug_frame   0x0000011c      0x2d4 ./Src/syscalls.o
 .debug_frame   0x000003f0       0x34 ./Src/sysmem.o
 .debug_frame   0x00000424      0x19c ./bsp/ds1307.o
 .debug_frame   0x000005c0      0x18c ./bsp/lcd.o
 .debug_frame   0x0000074c      0x1c8 ./drivers/Src/stm32f429xx_gpio_driver.o
 .debug_frame   0x00000914      0x448 ./drivers/Src/stm32f429xx_i2c_driver.o
 .debug_frame   0x00000d5c       0x78 ./drivers/Src/stm32f429xx_rcc_driver.o
 .debug_frame   0x00000dd4      0x144 /opt/st/stm32cubeide_1.19.0/plugins/com.st.stm32cube.ide.mcu.externaltools.gnu-tools-for-stm32.13.3.rel1.linux64_1.0.0.202410170706/tools/bin/../lib/gcc/arm-none-eabi/13.3.1/../../../../arm-none-eabi/lib/thumb/v7e-m/nofp/libc_nano.a(libc_a-findfp.o)
 .debug_frame   0x00000f18       0x34 /opt/st/stm32cubeide_1.19.0/plugins/com.st.stm32cube.ide.mcu.externaltools.gnu-tools-for-stm32.13.3.rel1.linux64_1.0.0.202410170706/tools/bin/../lib/gcc/arm-none-eabi/13.3.1/../../../../arm-none-eabi/lib/thumb/v7e-m/nofp/libc_nano.a(libc_a-fwalk.o)
 .debug_frame   0x00000f4c       0x6c /opt/st/stm32cubeide_1.19.0/plugins/com.st.stm32cube.ide.mcu.externaltools.gnu-tools-for-stm32.13.3.rel1.linux64_1.0.0.202410170706/tools/bin/../lib/gcc/arm-none-eabi/13.3.1/../../../../arm-none-eabi/lib/thumb/v7e-m/nofp/libc_nano.a(libc_a-printf.o)
 .debug_frame   0x00000fb8       0x3c /opt/st/stm32cubeide_1.19.0/plugins/com.st.stm32cube.ide.mcu.externaltools.gnu-tools-for-stm32.13.3.rel1.linux64_1.0.0.202410170706/tools/bin/../lib/gcc/arm-none-eabi/13.3.1/../../../../arm-none-eabi/lib/thumb/v7e-m/nofp/libc_nano.a(libc_a-puts.o)
 .debug_frame   0x00000ff4       0x88 /opt/st/stm32cubeide_1.19.0/plugins/com.st.stm32cube.ide.mcu.externaltools.gnu-tools-for-stm32.13.3.rel1.linux64_1.0.0.202410170706/tools/bin/../lib/gcc/arm-none-eabi/13.3.1/../../../../arm-none-eabi/lib/thumb/v7e-m/nofp/libc_nano.a(libc_a-stdio.o)
 .debug_frame   0x0000107c       0x40 /opt/st/stm32cubeide_1.19.0/plugins/com.st.stm32cube.ide.mcu.externaltools.gnu-tools-for-stm32.13.3.rel1.linux64_1.0.0.202410170706/tools/bin/../lib/gcc/arm-none-eabi/13.3.1/../../../../arm-none-eabi/lib/thumb/v7e-m/nofp/libc_nano.a(libc_a-wbuf.o)
 .debug_frame   0x000010bc       0x2c /opt/st/stm32cubeide_1.19.0/plugins/com.st.stm32cube.ide.mcu.externaltools.gnu-tools-for-stm32.13.3.rel1.linux64_1.0.0.202410170706/tools/bin/../lib/gcc/arm-none-eabi/13.3.1/../../../../arm-none-eabi/lib/thumb/v7e-m/nofp/libc_nano.a(libc_a-wsetup.o)
 .debug_frame   0x000010e8       0x20 /opt/st/stm32cubeide_1.19.0/plugins/com.st.stm32cube.ide.mcu.externaltools.gnu-tools-for-stm32.13.3.rel1.linux64_1.0.0.202410170706/tools/bin/../lib/gcc/arm-none-eabi/13.3.1/../../../../arm-none-eabi/lib/thumb/v7e-m/nofp/libc_nano.a(libc_a-memset.o)
 .debug_frame   0x00001108       0x2c /opt/st/stm32cubeide_1.19.0/plugins/com.st.stm32cube.ide.mcu.externaltools.gnu-tools-for-stm32.13.3.rel1.linux64_1.0.0.202410170706/tools/bin/../lib/gcc/arm-none-eabi/13.3.1/../../../../arm-none-eabi/lib/thumb/v7e-m/nofp/libc_nano.a(libc_a-closer.o)
 .debug_frame   0x00001134       0x38 /opt/st/stm32cubeide_1.19.0/plugins/com.st.stm32cube.ide.mcu.externaltools.gnu-tools-for-stm32.13.3.rel1.linux64_1.0.0.202410170706/tools/bin/../lib/gcc/arm-none-eabi/13.3.1/../../../../arm-none-eabi/lib/thumb/v7e-m/nofp/libc_nano.a(libc_a-reent.o)
 .debug_frame   0x0000116c       0x2c /opt/st/stm32cubeide_1.19.0/plugins/com.st.stm32cube.ide.mcu.externaltools.gnu-tools-for-stm32.13.3.rel1.linux64_1.0.0.202410170706/tools/bin/../lib/gcc/arm-none-eabi/13.3.1/../../../../arm-none-eabi/lib/thumb/v7e-m/nofp/libc_nano.a(libc_a-lseekr.o)
 .debug_frame   0x00001198       0x2c /opt/st/stm32cubeide_1.19.0/plugins/com.st.stm32cube.ide.mcu.externaltools.gnu-tools-for-stm32.13.3.rel1.linux64_1.0.0.202410170706/tools/bin/../lib/gcc/arm-none-eabi/13.3.1/../../../../arm-none-eabi/lib/thumb/v7e-m/nofp/libc_nano.a(libc_a-readr.o)
 .debug_frame   0x000011c4       0x2c /opt/st/stm32cubeide_1.19.0/plugins/com.st.stm32cube.ide.mcu.externaltools.gnu-tools-for-stm32.13.3.rel1.linux64_1.0.0.202410170706/tools/bin/../lib/gcc/arm-none-eabi/13.3.1/../../../../arm-none-eabi/lib/thumb/v7e-m/nofp/libc_nano.a(libc_a-writer.o)
 .debug_frame   0x000011f0       0x20 /opt/st/stm32cubeide_1.19.0/plugins/com.st.stm32cube.ide.mcu.externaltools.gnu-tools-for-stm32.13.3.rel1.linux64_1.0.0.202410170706/tools/bin/../lib/gcc/arm-none-eabi/13.3.1/../../../../arm-none-eabi/lib/thumb/v7e-m/nofp/libc_nano.a(libc_a-errno.o)
 .debug_frame   0x00001210       0x2c /opt/st/stm32cubeide_1.19.0/plugins/com.st.stm32cube.ide.mcu.externaltools.gnu-tools-for-stm32.13.3.rel1.linux64_1.0.0.202410170706/tools/bin/../lib/gcc/arm-none-eabi/13.3.1/../../../../arm-none-eabi/lib/thumb/v7e-m/nofp/libc_nano.a(libc_a-init.o)
 .debug_frame   0x0000123c       0xb0 /opt/st/stm32cubeide_1.19.0/plugins/com.st.stm32cube.ide.mcu.externaltools.gnu-tools-for-stm32.13.3.rel1.linux64_1.0.0.202410170706/tools/bin/../lib/gcc/arm-none-eabi/13.3.1/../../../../arm-none-eabi/lib/thumb/v7e-m/nofp/libc_nano.a(libc_a-lock.o)
 .debug_frame   0x000012ec       0x38 /opt/st/stm32cubeide_1.19.0/plugins/com.st.stm32cube.ide.mcu.externaltools.gnu-tools-for-stm32.13.3.rel1.linux64_1.0.0.202410170706/tools/bin/../lib/gcc/arm-none-eabi/13.3.1/../../../../arm-none-eabi/lib/thumb/v7e-m/nofp/libc_nano.a(libc_a-freer.o)
 .debug_frame   0x00001324       0x50 /opt/st/stm32cubeide_1.19.0/plugins/com.st.stm32cube.ide.mcu.externaltools.gnu-tools-for-stm32.13.3.rel1.linux64_1.0.0.202410170706/tools/bin/../lib/gcc/arm-none-eabi/13.3.1/../../../../arm-none-eabi/lib/thumb/v7e-m/nofp/libc_nano.a(libc_a-mallocr.o)
 .debug_frame   0x00001374       0x30 /opt/st/stm32cubeide_1.19.0/plugins/com.st.stm32cube.ide.mcu.externaltools.gnu-tools-for-stm32.13.3.rel1.linux64_1.0.0.202410170706/tools/bin/../lib/gcc/arm-none-eabi/13.3.1/../../../../arm-none-eabi/lib/thumb/v7e-m/nofp/libc_nano.a(libc_a-mlock.o)
 .debug_frame   0x000013a4       0xa8 /opt/st/stm32cubeide_1.19.0/plugins/com.st.stm32cube.ide.mcu.externaltools.gnu-tools-for-stm32.13.3.rel1.linux64_1.0.0.202410170706/tools/bin/../lib/gcc/arm-none-eabi/13.3.1/../../../../arm-none-eabi/lib/thumb/v7e-m/nofp/libc_nano.a(libc_a-nano-vfprintf.o)
 .debug_frame   0x0000144c       0x60 /opt/st/stm32cubeide_1.19.0/plugins/com.st.stm32cube.ide.mcu.externaltools.gnu-tools-for-stm32.13.3.rel1.linux64_1.0.0.202410170706/tools/bin/../lib/gcc/arm-none-eabi/13.3.1/../../../../arm-none-eabi/lib/thumb/v7e-m/nofp/libc_nano.a(libc_a-nano-vfprintf_i.o)
 .debug_frame   0x000014ac       0x5c /opt/st/stm32cubeide_1.19.0/plugins/com.st.stm32cube.ide.mcu.externaltools.gnu-tools-for-stm32.13.3.rel1.linux64_1.0.0.202410170706/tools/bin/../lib/gcc/arm-none-eabi/13.3.1/../../../../arm-none-eabi/lib/thumb/v7e-m/nofp/libc_nano.a(libc_a-fflush.o)
 .debug_frame   0x00001508       0x58 /opt/st/stm32cubeide_1.19.0/plugins/com.st.stm32cube.ide.mcu.externaltools.gnu-tools-for-stm32.13.3.rel1.linux64_1.0.0.202410170706/tools/bin/../lib/gcc/arm-none-eabi/13.3.1/../../../../arm-none-eabi/lib/thumb/v7e-m/nofp/libc_nano.a(libc_a-makebuf.o)
 .debug_frame   0x00001560       0x2c /opt/st/stm32cubeide_1.19.0/plugins/com.st.stm32cube.ide.mcu.externaltools.gnu-tools-for-stm32.13.3.rel1.linux64_1.0.0.202410170706/tools/bin/../lib/gcc/arm-none-eabi/13.3.1/../../../../arm-none-eabi/lib/thumb/v7e-m/nofp/libc_nano.a(libc_a-fstatr.o)
 .debug_frame   0x0000158c       0x2c /opt/st/stm32cubeide_1.19.0/plugins/com.st.stm32cube.ide.mcu.externaltools.gnu-tools-for-stm32.13.3.rel1.linux64_1.0.0.202410170706/tools/bin/../lib/gcc/arm-none-eabi/13.3.1/../../../../arm-none-eabi/lib/thumb/v7e-m/nofp/libc_nano.a(libc_a-isattyr.o)
 .debug_frame   0x000015b8       0x2c /opt/st/stm32cubeide_1.19.0/plugins/com.st.stm32cube.ide.mcu.externaltools.gnu-tools-for-stm32.13.3.rel1.linux64_1.0.0.202410170706/tools/bin/../lib/gcc/arm-none-eabi/13.3.1/../../../../arm-none-eabi/lib/thumb/v7e-m/nofp/libc_nano.a(libc_a-sbrkr.o)

.debug_line_str
                0x00000000       0x62
 .debug_line_str
                0x00000000       0x62 ./Startup/startup_stm32f429zitx.o
